Archive member included to satisfy reference by file (symbol)

/home/sysprog/glibc/build/libc_pic.a(check_fds.os)
                              /home/sysprog/glibc/build/elf/dl-allobjs.os (__libc_check_standard_fds)
/home/sysprog/glibc/build/libc_pic.a(errno.os)
                              /home/sysprog/glibc/build/libc_pic.a(check_fds.os) (__libc_errno)
/home/sysprog/glibc/build/libc_pic.a(setjmp.os)
                              /home/sysprog/glibc/build/elf/dl-allobjs.os (__sigsetjmp)
/home/sysprog/glibc/build/libc_pic.a(__longjmp.os)
                              /home/sysprog/glibc/build/elf/dl-allobjs.os (__longjmp)
/home/sysprog/glibc/build/libc_pic.a(strchr.os)
                              /home/sysprog/glibc/build/elf/dl-allobjs.os (strchr)
/home/sysprog/glibc/build/libc_pic.a(strcmp.os)
                              /home/sysprog/glibc/build/elf/dl-allobjs.os (strcmp)
/home/sysprog/glibc/build/libc_pic.a(strcspn.os)
                              /home/sysprog/glibc/build/elf/dl-allobjs.os (strcspn)
/home/sysprog/glibc/build/libc_pic.a(strdup.os)
                              /home/sysprog/glibc/build/elf/dl-allobjs.os (__strdup)
/home/sysprog/glibc/build/libc_pic.a(strlen.os)
                              /home/sysprog/glibc/build/elf/dl-allobjs.os (strlen)
/home/sysprog/glibc/build/libc_pic.a(strnlen.os)
                              /home/sysprog/glibc/build/elf/dl-allobjs.os (strnlen)
/home/sysprog/glibc/build/libc_pic.a(memchr.os)
                              /home/sysprog/glibc/build/elf/dl-allobjs.os (memchr)
/home/sysprog/glibc/build/libc_pic.a(memcmp.os)
                              /home/sysprog/glibc/build/elf/dl-allobjs.os (memcmp)
/home/sysprog/glibc/build/libc_pic.a(memmove.os)
                              /home/sysprog/glibc/build/elf/dl-allobjs.os (memmove)
/home/sysprog/glibc/build/libc_pic.a(memset.os)
                              /home/sysprog/glibc/build/elf/dl-allobjs.os (memset)
/home/sysprog/glibc/build/libc_pic.a(mempcpy.os)
                              /home/sysprog/glibc/build/elf/dl-allobjs.os (__mempcpy)
/home/sysprog/glibc/build/libc_pic.a(stpcpy.os)
                              /home/sysprog/glibc/build/elf/dl-allobjs.os (__stpcpy)
/home/sysprog/glibc/build/libc_pic.a(memcpy.os)
                              /home/sysprog/glibc/build/libc_pic.a(check_fds.os) (__GI_memcpy)
/home/sysprog/glibc/build/libc_pic.a(rawmemchr.os)
                              /home/sysprog/glibc/build/elf/dl-allobjs.os (rawmemchr)
/home/sysprog/glibc/build/libc_pic.a(strcmp-sse2.os)
                              /home/sysprog/glibc/build/libc_pic.a(strcmp.os) (__strcmp_sse2)
/home/sysprog/glibc/build/libc_pic.a(strcmp-sse2-unaligned.os)
                              /home/sysprog/glibc/build/libc_pic.a(strcmp.os) (__strcmp_sse2_unaligned)
/home/sysprog/glibc/build/libc_pic.a(strcmp-ssse3.os)
                              /home/sysprog/glibc/build/libc_pic.a(strcmp.os) (__strcmp_ssse3)
/home/sysprog/glibc/build/libc_pic.a(memchr-sse2.os)
                              /home/sysprog/glibc/build/libc_pic.a(memchr.os) (__memchr_sse2)
/home/sysprog/glibc/build/libc_pic.a(rawmemchr-sse2.os)
                              /home/sysprog/glibc/build/libc_pic.a(rawmemchr.os) (__rawmemchr_sse2)
/home/sysprog/glibc/build/libc_pic.a(memchr-avx2.os)
                              /home/sysprog/glibc/build/libc_pic.a(memchr.os) (__memchr_avx2)
/home/sysprog/glibc/build/libc_pic.a(rawmemchr-avx2.os)
                              /home/sysprog/glibc/build/libc_pic.a(rawmemchr.os) (__rawmemchr_avx2)
/home/sysprog/glibc/build/libc_pic.a(memcmp-sse2.os)
                              /home/sysprog/glibc/build/libc_pic.a(memcmp.os) (__memcmp_sse2)
/home/sysprog/glibc/build/libc_pic.a(memcmp-avx2-movbe.os)
                              /home/sysprog/glibc/build/libc_pic.a(memcmp.os) (__memcmp_avx2_movbe)
/home/sysprog/glibc/build/libc_pic.a(memcmp-sse4.os)
                              /home/sysprog/glibc/build/libc_pic.a(memcmp.os) (__memcmp_sse4_1)
/home/sysprog/glibc/build/libc_pic.a(memcpy-ssse3.os)
                              /home/sysprog/glibc/build/libc_pic.a(mempcpy.os) (__mempcpy_ssse3)
/home/sysprog/glibc/build/libc_pic.a(memmove-ssse3.os)
                              /home/sysprog/glibc/build/libc_pic.a(memmove.os) (__memmove_ssse3)
/home/sysprog/glibc/build/libc_pic.a(memcpy-ssse3-back.os)
                              /home/sysprog/glibc/build/libc_pic.a(mempcpy.os) (__mempcpy_ssse3_back)
/home/sysprog/glibc/build/libc_pic.a(memmove-ssse3-back.os)
                              /home/sysprog/glibc/build/libc_pic.a(memmove.os) (__memmove_ssse3_back)
/home/sysprog/glibc/build/libc_pic.a(memmove-avx512-no-vzeroupper.os)
                              /home/sysprog/glibc/build/libc_pic.a(mempcpy.os) (__mempcpy_avx512_no_vzeroupper)
/home/sysprog/glibc/build/libc_pic.a(strchr-sse2.os)
                              /home/sysprog/glibc/build/libc_pic.a(strchr.os) (__strchr_sse2)
[...]
Memory Configuration

Name             Origin             Length             Attributes
*default*        0x0000000000000000 0xffffffffffffffff

Linker script and memory map

                0x0000000000000000                __stack_chk_fail = 0x0
                0x0000000000000000                __stack_chk_fail_local = 0x0
START GROUP
LOAD /home/sysprog/glibc/build/elf/dl-allobjs.os
LOAD /home/sysprog/glibc/build/libc_pic.a
LOAD /usr/lib/gcc/x86_64-linux-gnu/5/libgcc.a
END GROUP

.interp
 *(.interp)

.note.gnu.build-id
 *(.note.gnu.build-id)

.hash
 *(.hash)

.gnu.hash
 *(.gnu.hash)

.dynsym
 *(.dynsym)

.dynstr
 *(.dynstr)

.gnu.version
 *(.gnu.version)

.gnu.version_d
 *(.gnu.version_d)

.gnu.version_r
 *(.gnu.version_r)

.rela.init
 *(.rela.init)

.rela.text
 *(.rela.text)

.rela.fini
 *(.rela.fini)

.rela.rodata
 *(.rela.rodata)

.rela.data.rel.ro
 *(.rela.data.rel.ro)

.rela.data
 *(.rela.data)

.rela.tdata
 *(.rela.tdata)

.rela.tbss
 *(.rela.tbss)

.rela.ctors
 *(.rela.ctors)

.rela.dtors
 *(.rela.dtors)

.rela.got
 *(.rela.got)

.rela.bss
 *(.rela.bss)

.rela.ldata
 *(.rela.ldata)

.rela.lbss
 *(.rela.lbss)

.rela.lrodata
 *(.rela.lrodata)

.rela.ifunc
 *(.rela.ifunc)

.rela.plt
 *(.rela.plt)

.init
 *(SORT(.init))

.plt
 *(.plt)
 *(.iplt)

.plt.got
 *(.plt.got)

.plt.bnd
 *(.plt.bnd)

.text           0x0000000000000000    0x1ee95
 *(.text .stub)
 .text          0x0000000000000000    0x19340 /home/sysprog/glibc/build/elf/dl-allobjs.os
                0x0000000000000000                _start
                0x0000000000000008                _dl_start_user
                0x0000000000001240                handle_ld_preload
                0x0000000000006900                _dl_dst_count
                0x00000000000069b0                _dl_dst_substitute
                0x00000000000072c0                _dl_init_paths
                0x0000000000007700                _dl_map_object
                0x0000000000008100                _dl_rtld_di_serinfo
                0x0000000000009060                _dl_lookup_symbol_x
                0x000000000000a120                _dl_setup_hash
                0x000000000000a1d0                _dl_add_to_namespace_list
                0x000000000000a260                _dl_new_object
                0x000000000000a600                _dl_try_allocate_static_tls
                0x000000000000a6e0                _dl_allocate_static_tls
                0x000000000000a710                _dl_nothread_init_static_tls
                0x000000000000a750                _dl_protect_relro
                0x000000000000a7b0                _dl_reloc_bad_type
                0x000000000000a880                _dl_relocate_object
                0x000000000000c290                _dl_map_object_deps
                0x000000000000d530                _dl_important_hwcaps
                0x000000000000dcf0                _dl_fixup
                0x000000000000dec0                _dl_profile_fixup
                0x000000000000e4c0                _dl_call_pltexit
                0x000000000000e6f0                _dl_init
                0x000000000000e820                _dl_sort_fini
                0x000000000000ea60                _dl_fini
                0x000000000000edf0                _dl_debug_state
                0x000000000000edf0                __GI__dl_debug_state
                0x000000000000ee00                _dl_debug_initialize
                0x000000000000f470                _dl_sysdep_read_whole_file
                0x000000000000f500                _dl_debug_printf
                0x000000000000f5b0                _dl_debug_printf_c
                0x000000000000f660                _dl_dprintf
                0x000000000000f700                _dl_name_match_p
                0x000000000000f770                _dl_higher_prime_number
                0x000000000000f7f0                _dl_strtoul
                0x000000000000fd50                _dl_check_map_versions
                0x0000000000010210                _dl_check_all_versions
                0x0000000000010280                _dl_start_profile
                0x0000000000010a60                __GI__dl_mcount
                0x0000000000010a60                _dl_mcount
                0x0000000000010fd0                _dl_next_tls_modid
                0x00000000000110d0                _dl_count_modids
                0x0000000000011130                _dl_determine_tlsoffset
                0x0000000000011300                _dl_get_tls_static_info
                0x0000000000011320                _dl_allocate_tls_storage
                0x00000000000113e0                __GI__dl_allocate_tls_init
                0x00000000000113e0                _dl_allocate_tls_init
                0x0000000000011680                __GI__dl_allocate_tls
                0x0000000000011680                _dl_allocate_tls
                0x00000000000116c0                _dl_deallocate_tls
                0x00000000000116c0                __GI__dl_deallocate_tls
                0x0000000000011740                _dl_update_slotinfo
                0x00000000000119d0                __GI___tls_get_addr
                0x00000000000119d0                ___tls_get_addr
                0x0000000000011a10                _dl_tls_get_addr_soft
                0x0000000000011a90                _dl_add_to_slotinfo
                0x0000000000011b70                __tls_get_addr_slow
                0x0000000000011ba0                _dl_get_origin
                0x0000000000011d20                _dl_scope_free
                0x0000000000011df0                _dl_make_stack_executable
                0x0000000000011df0                __GI__dl_make_stack_executable
                0x0000000000011e80                _dl_check_caller
                0x00000000000122b0                __GI__dl_find_dso_for_object
                0x00000000000122b0                _dl_find_dso_for_object
                0x0000000000012370                _dl_open
                0x0000000000012780                _dl_show_scope
                0x0000000000013340                _dl_close_worker
                0x00000000000142a0                _dl_close
                0x0000000000014310                _dl_runtime_resolve_avx512
                0x0000000000014480                _dl_runtime_profile_avx512
                0x0000000000014900                _dl_runtime_resolve_avx_slow
                0x0000000000014940                _dl_runtime_resolve_avx_opt
                0x0000000000014960                _dl_runtime_resolve_avx
                0x0000000000014ac0                _dl_runtime_profile_avx
                0x0000000000014f40                _dl_runtime_resolve_sse
                0x0000000000015080                _dl_runtime_profile_sse
                0x0000000000015280                _dl_runtime_resolve_avx512_opt
                0x00000000000152b0                _dl_runtime_resolve_sse_vex
                0x0000000000015400                _dl_cache_libcmp
                0x00000000000154e0                _dl_load_cache_lookup
                0x0000000000015b70                _dl_unload_cache
                0x0000000000015c70                __tunable_set_val
                0x0000000000015c90                __GI___tunables_init
                0x0000000000016170                __tunable_get_val
                0x0000000000016170                __GI___tunable_get_val
                0x00000000000161f0                _dl_make_tlsdesc_dynamic
                0x00000000000164c0                _dl_tlsdesc_resolve_rela_fixup
                0x0000000000016680                _dl_tlsdesc_resolve_hold_fixup
                0x00000000000166c0                _dl_unmap
                0x0000000000016740                _dl_tlsdesc_return
                0x0000000000016750                _dl_tlsdesc_undefweak
                0x0000000000016760                _dl_tlsdesc_dynamic
                0x0000000000016800                _dl_tlsdesc_resolve_rela
                0x0000000000016870                _dl_tlsdesc_resolve_hold
                0x00000000000168f0                __tls_get_addr
                0x0000000000016930                __get_cpu_features
                0x0000000000016940                _dl_tunable_set_hwcaps
                0x0000000000017680                _dl_sysdep_start
                0x0000000000017da0                _dl_sysdep_start_cleanup
                0x0000000000017db0                _dl_show_auxv
                0x0000000000017f60                _dl_discover_osversion
                0x0000000000018130                _dl_next_ld_env_entry
                0x0000000000018180                unsetenv
                0x00000000000181f0                malloc
                0x0000000000018300                calloc
                0x0000000000018340                free
                0x0000000000018370                __sigjmp_save
                0x0000000000018380                __strerror_r
                0x0000000000018460                __GI___libc_fatal
                0x0000000000018460                __libc_fatal
                0x0000000000018490                __GI___chk_fail
                0x0000000000018490                __chk_fail
                0x00000000000184a0                __GI___assert_fail
                0x00000000000184a0                __assert_fail
                0x00000000000184f0                realloc
                0x0000000000018580                __GI___assert_perror_fail
                0x0000000000018580                __assert_perror_fail
                0x00000000000185f0                _itoa
                0x0000000000018640                __strsep
                0x0000000000018640                strsep
                0x0000000000018640                __strsep_g
                0x00000000000186d0                _dl_signal_error
                0x0000000000018870                _dl_signal_cerror
                0x0000000000018900                _dl_catch_error
                0x00000000000189d0                _dl_receive_error
                0x0000000000018a10                _dl_resolve_conflicts
                0x0000000000018b90                __brk
                0x0000000000018b90                brk
                0x0000000000018be0                sbrk
                0x0000000000018be0                __sbrk
                0x0000000000018c70                __getcwd
                0x0000000000018c70                getcwd
                0x00000000000190d0                openat64
                0x0000000000019140                __alloc_dir
                0x0000000000019240                __opendir
                0x0000000000019240                opendir
                0x00000000000192f0                __fxstatat
                0x00000000000192f0                __fxstatat64
                0x00000000000192f0                __GI___fxstatat64
 .text          0x0000000000019340       0xf2 /home/sysprog/glibc/build/libc_pic.a(check_fds.os)
                0x0000000000019400                __libc_check_standard_fds
 .text          0x0000000000019432        0x0 /home/sysprog/glibc/build/libc_pic.a(errno.os)
 *fill*         0x0000000000019432        0xe 
 .text          0x0000000000019440       0x57 /home/sysprog/glibc/build/libc_pic.a(setjmp.os)
                0x0000000000019440                __sigsetjmp
                0x0000000000019440                __GI___sigsetjmp
 *fill*         0x0000000000019497        0x9 
 .text          0x00000000000194a0       0x50 /home/sysprog/glibc/build/libc_pic.a(__longjmp.os)
                0x00000000000194a0                __longjmp
 .text          0x00000000000194f0       0x3b /home/sysprog/glibc/build/libc_pic.a(strchr.os)
                0x00000000000194f0                __GI_strchr
                0x00000000000194f0                index
                0x00000000000194f0                strchr
 .text          0x000000000001952b       0x2f /home/sysprog/glibc/build/libc_pic.a(strcmp.os)
                0x000000000001952b                __GI_strcmp
                0x000000000001952b                strcmp
 .text          0x000000000001955a       0x1e /home/sysprog/glibc/build/libc_pic.a(strcspn.os)
                0x000000000001955a                strcspn
                0x000000000001955a                __GI_strcspn
 *fill*         0x0000000000019578        0x8 
 .text          0x0000000000019580       0x41 /home/sysprog/glibc/build/libc_pic.a(strdup.os)
                0x0000000000019580                __GI___strdup
                0x0000000000019580                __strdup
                0x0000000000019580                strdup
 .text          0x00000000000195c1       0x2a /home/sysprog/glibc/build/libc_pic.a(strlen.os)
                0x00000000000195c1                strlen
                0x00000000000195c1                __GI_strlen
 .text          0x00000000000195eb       0x2a /home/sysprog/glibc/build/libc_pic.a(strnlen.os)
                0x00000000000195eb                __strnlen
                0x00000000000195eb                strnlen
                0x00000000000195eb                __GI___strnlen
                0x00000000000195eb                __GI_strnlen
 .text          0x0000000000019615       0x2a /home/sysprog/glibc/build/libc_pic.a(memchr.os)
                0x0000000000019615                __GI_memchr
                0x0000000000019615                memchr
                0x0000000000019615                __memchr
 .text          0x000000000001963f       0x5c /home/sysprog/glibc/build/libc_pic.a(memcmp.os)
                0x000000000001963f                bcmp
                0x000000000001963f                __GI_memcmp
                0x000000000001963f                memcmp
 .text          0x000000000001969b       0xb1 /home/sysprog/glibc/build/libc_pic.a(memmove.os)
                0x000000000001969b                memmove
                0x000000000001969b                __GI_memmove
                0x000000000001969b                __libc_memmove
 .text          0x000000000001974c       0x8d /home/sysprog/glibc/build/libc_pic.a(memset.os)
                0x000000000001974c                __GI_memset
                0x000000000001974c                memset
 .text          0x00000000000197d9       0xb1 /home/sysprog/glibc/build/libc_pic.a(mempcpy.os)
                0x00000000000197d9                mempcpy
                0x00000000000197d9                __GI_mempcpy
                0x00000000000197d9                __mempcpy
                0x00000000000197d9                __GI___mempcpy
 .text          0x000000000001988a       0x2f /home/sysprog/glibc/build/libc_pic.a(stpcpy.os)
                0x000000000001988a                stpcpy
                0x000000000001988a                __GI_stpcpy
                0x000000000001988a                __stpcpy
                0x000000000001988a                __GI___stpcpy
 .text          0x00000000000198b9       0xb1 /home/sysprog/glibc/build/libc_pic.a(memcpy.os)
                0x00000000000198b9                __GI_memcpy
                0x00000000000198b9                __new_memcpy
                0x00000000000198b9                memcpy@@GLIBC_2.14
 .text          0x000000000001996a       0x2a /home/sysprog/glibc/build/libc_pic.a(rawmemchr.os)
                0x000000000001996a                __GI___rawmemchr
                0x000000000001996a                __rawmemchr
                0x000000000001996a                rawmemchr
 *fill*         0x0000000000019994        0xc 
 .text          0x00000000000199a0     0x1439 /home/sysprog/glibc/build/libc_pic.a(strcmp-sse2.os)
                0x00000000000199a0                __strcmp_sse2
 *fill*         0x000000000001add9        0x7 
 .text          0x000000000001ade0      0x2a3 /home/sysprog/glibc/build/libc_pic.a(strcmp-sse2-unaligned.os)
                0x000000000001ade0                __strcmp_sse2_unaligned
 .text          0x000000000001b083        0x0 /home/sysprog/glibc/build/libc_pic.a(strcmp-ssse3.os)
 *fill*         0x000000000001b083        0xd 
 .text          0x000000000001b090      0x323 /home/sysprog/glibc/build/libc_pic.a(memchr-sse2.os)
                0x000000000001b090                __memchr_sse2
 *fill*         0x000000000001b3b3        0xd 
 .text          0x000000000001b3c0      0x1f9 /home/sysprog/glibc/build/libc_pic.a(rawmemchr-sse2.os)
                0x000000000001b3c0                __rawmemchr_sse2
 .text          0x000000000001b5b9        0x0 /home/sysprog/glibc/build/libc_pic.a(memchr-avx2.os)
 .text          0x000000000001b5b9        0x0 /home/sysprog/glibc/build/libc_pic.a(rawmemchr-avx2.os)
 *fill*         0x000000000001b5b9        0x7 
 .text          0x000000000001b5c0      0x400 /home/sysprog/glibc/build/libc_pic.a(memcmp-sse2.os)
                0x000000000001b5c0                __memcmp_sse2
 .text          0x000000000001b9c0        0x0 /home/sysprog/glibc/build/libc_pic.a(memcmp-avx2-movbe.os)
 .text          0x000000000001b9c0        0x0 /home/sysprog/glibc/build/libc_pic.a(memcmp-sse4.os)
 .text          0x000000000001b9c0        0x0 /home/sysprog/glibc/build/libc_pic.a(memcpy-ssse3.os)
 .text          0x000000000001b9c0        0x0 /home/sysprog/glibc/build/libc_pic.a(memmove-ssse3.os)
 .text          0x000000000001b9c0        0x0 /home/sysprog/glibc/build/libc_pic.a(memcpy-ssse3-back.os)
 .text          0x000000000001b9c0        0x0 /home/sysprog/glibc/build/libc_pic.a(memmove-ssse3-back.os)
 .text          0x000000000001b9c0        0x0 /home/sysprog/glibc/build/libc_pic.a(memmove-avx512-no-vzeroupper.os)
 .text          0x000000000001b9c0      0x21a /home/sysprog/glibc/build/libc_pic.a(strchr-sse2.os)
                0x000000000001b9c0                __strchr_sse2
 .text          0x000000000001bbda        0x0 /home/sysprog/glibc/build/libc_pic.a(strchr-avx2.os)
 *fill*         0x000000000001bbda        0x6 
 .text          0x000000000001bbe0      0x19c /home/sysprog/glibc/build/libc_pic.a(strlen-sse2.os)
                0x000000000001bbe0                __strlen_sse2
                0x000000000001bbe0                __GI___strlen_sse2
 *fill*         0x000000000001bd7c        0x4 
 .text          0x000000000001bd80      0x218 /home/sysprog/glibc/build/libc_pic.a(strnlen-sse2.os)
                0x000000000001bd80                __strnlen_sse2
 .text          0x000000000001bf98        0x0 /home/sysprog/glibc/build/libc_pic.a(strlen-avx2.os)
 .text          0x000000000001bf98        0x0 /home/sysprog/glibc/build/libc_pic.a(strnlen-avx2.os)
 *fill*         0x000000000001bf98        0x8 
 .text          0x000000000001bfa0       0xdc /home/sysprog/glibc/build/libc_pic.a(stpcpy-sse2.os)
                0x000000000001bfa0                __stpcpy_sse2
 .text          0x000000000001c07c        0x0 /home/sysprog/glibc/build/libc_pic.a(stpcpy-ssse3.os)
 *fill*         0x000000000001c07c        0x4 
 .text          0x000000000001c080      0x6b0 /home/sysprog/glibc/build/libc_pic.a(stpcpy-sse2-unaligned.os)
                0x000000000001c080                __stpcpy_sse2_unaligned
 .text          0x000000000001c730        0x0 /home/sysprog/glibc/build/libc_pic.a(strchr-sse2-no-bsf.os)
 .text          0x000000000001c730        0x0 /home/sysprog/glibc/build/libc_pic.a(memcmp-ssse3.os)
 .text          0x000000000001c730       0x97 /home/sysprog/glibc/build/libc_pic.a(strcspn-sse2.os)
                0x000000000001c730                __strcspn_sse2
 .text          0x000000000001c7c7        0x0 /home/sysprog/glibc/build/libc_pic.a(strcspn-c.os)
 .text          0x000000000001c7c7        0x0 /home/sysprog/glibc/build/libc_pic.a(varshift.os)
 .text          0x000000000001c7c7        0x0 /home/sysprog/glibc/build/libc_pic.a(memset-avx512-no-vzeroupper.os)
 *fill*         0x000000000001c7c7        0x9 
 .text          0x000000000001c7d0      0x3e9 /home/sysprog/glibc/build/libc_pic.a(memmove-sse2-unaligned-erms.os)
                0x000000000001c7d0                __mempcpy_chk_sse2_unaligned
                0x000000000001c7e0                __mempcpy_sse2_unaligned
                0x000000000001c7f0                __memcpy_chk_sse2_unaligned
                0x000000000001c7f0                __memmove_chk_sse2_unaligned
                0x000000000001c800                __memmove_sse2_unaligned
                0x000000000001c800                __memcpy_sse2_unaligned
                0x000000000001c800                memcpy@GLIBC_2.2.5
                0x000000000001c830                __mempcpy_chk_erms
                0x000000000001c840                __mempcpy_erms
                0x000000000001c850                __memcpy_chk_erms
                0x000000000001c850                __memmove_chk_erms
                0x000000000001c860                __memmove_erms
                0x000000000001c860                __memcpy_erms
                0x000000000001c890                __mempcpy_chk_sse2_unaligned_erms
                0x000000000001c8a0                __mempcpy_sse2_unaligned_erms
                0x000000000001c8b0                __memmove_chk_sse2_unaligned_erms
                0x000000000001c8b0                __memcpy_chk_sse2_unaligned_erms
                0x000000000001c8c0                __memmove_sse2_unaligned_erms
                0x000000000001c8c0                __memcpy_sse2_unaligned_erms
 .text          0x000000000001cbb9        0x0 /home/sysprog/glibc/build/libc_pic.a(memmove-avx-unaligned-erms.os)
 .text          0x000000000001cbb9        0x0 /home/sysprog/glibc/build/libc_pic.a(memmove-avx512-unaligned-erms.os)
 *fill*         0x000000000001cbb9        0x7 
 .text          0x000000000001cbc0      0x193 /home/sysprog/glibc/build/libc_pic.a(memset-sse2-unaligned-erms.os)
                0x000000000001cbc0                __bzero
                0x000000000001cbc0                bzero
                0x000000000001cbd0                __wmemset_chk_sse2_unaligned
                0x000000000001cbe0                __wmemset_sse2_unaligned
                0x000000000001cc00                __memset_chk_sse2_unaligned
                0x000000000001cc10                __memset_sse2_unaligned
                0x000000000001cc40                __memset_chk_erms
                0x000000000001cc50                __memset_erms
                0x000000000001cc60                __memset_chk_sse2_unaligned_erms
                0x000000000001cc70                __memset_sse2_unaligned_erms
 .text          0x000000000001cd53        0x0 /home/sysprog/glibc/build/libc_pic.a(memset-avx2-unaligned-erms.os)
 .text          0x000000000001cd53        0x0 /home/sysprog/glibc/build/libc_pic.a(memset-avx512-unaligned-erms.os)
 *fill*         0x000000000001cd53        0xd 
 .text          0x000000000001cd60      0x5fd /home/sysprog/glibc/build/libc_pic.a(cacheinfo.os)
                0x000000000001d330                __cache_sysconf
 *fill*         0x000000000001d35d        0x3 
 .text          0x000000000001d360       0x54 /home/sysprog/glibc/build/libc_pic.a(closedir.os)
                0x000000000001d360                __closedir
                0x000000000001d360                closedir
 *fill*         0x000000000001d3b4        0xc 
 .text          0x000000000001d3c0       0xf8 /home/sysprog/glibc/build/libc_pic.a(readdir.os)
                0x000000000001d3c0                readdir
                0x000000000001d3c0                __readdir64
                0x000000000001d3c0                __readdir
                0x000000000001d3c0                readdir64
 *fill*         0x000000000001d4b8        0x8 
 .text          0x000000000001d4c0       0x93 /home/sysprog/glibc/build/libc_pic.a(rewinddir.os)
                0x000000000001d4c0                rewinddir
                0x000000000001d4c0                __rewinddir
                0x000000000001d4c0                __GI___rewinddir
 *fill*         0x000000000001d553        0xd 
 .text          0x000000000001d560       0x8d /home/sysprog/glibc/build/libc_pic.a(getdents.os)
                0x000000000001d560                __getdents
                0x000000000001d560                __getdents64
 *fill*         0x000000000001d5ed        0x3 
 .text          0x000000000001d5f0       0x9a /home/sysprog/glibc/build/libc_pic.a(fdopendir.os)
                0x000000000001d5f0                fdopendir
                0x000000000001d5f0                __fdopendir
 *fill*         0x000000000001d68a        0x6 
 .text          0x000000000001d690       0x21 /home/sysprog/glibc/build/libc_pic.a(uname.os)
                0x000000000001d690                uname
                0x000000000001d690                __GI_uname
                0x000000000001d690                __uname
                0x000000000001d690                __GI___uname
 *fill*         0x000000000001d6b1        0xf 
 .text          0x000000000001d6c0       0x58 /home/sysprog/glibc/build/libc_pic.a(_exit.os)
                0x000000000001d6c0                _Exit
                0x000000000001d6c0                __GI__exit
                0x000000000001d6c0                _exit
 *fill*         0x000000000001d718        0x8 
 .text          0x000000000001d720        0x8 /home/sysprog/glibc/build/libc_pic.a(getpid.os)
                0x000000000001d720                __getpid
                0x000000000001d720                getpid
                0x000000000001d720                __GI_getpid
                0x000000000001d720                __GI___getpid
 .text          0x000000000001d728        0x0 /home/sysprog/glibc/build/libc_pic.a(environ.os)
 *fill*         0x000000000001d728        0x8 
 .text          0x000000000001d730       0x4c /home/sysprog/glibc/build/libc_pic.a(xstat.os)
                0x000000000001d730                _xstat
                0x000000000001d730                __xstat64
                0x000000000001d730                __GI___xstat64
                0x000000000001d730                __GI___xstat
                0x000000000001d730                __xstat
 *fill*         0x000000000001d77c        0x4 
 .text          0x000000000001d780       0x4c /home/sysprog/glibc/build/libc_pic.a(fxstat.os)
                0x000000000001d780                __GI___fxstat
                0x000000000001d780                __GI___fxstat64
                0x000000000001d780                __fxstat64
                0x000000000001d780                _fxstat
                0x000000000001d780                __fxstat
 *fill*         0x000000000001d7cc        0x4 
 .text          0x000000000001d7d0       0x4c /home/sysprog/glibc/build/libc_pic.a(lxstat.os)
                0x000000000001d7d0                __GI___lxstat
                0x000000000001d7d0                _lxstat
                0x000000000001d7d0                __lxstat
                0x000000000001d7d0                __lxstat64
                0x000000000001d7d0                __GI___lxstat64
 *fill*         0x000000000001d81c        0x4 
 .text          0x000000000001d820       0xf9 /home/sysprog/glibc/build/libc_pic.a(open64.os)
                0x000000000001d820                __GI___open64
                0x000000000001d820                __open
                0x000000000001d820                __GI___open
                0x000000000001d820                __libc_open64
                0x000000000001d820                open64
                0x000000000001d820                __GI___libc_open
                0x000000000001d820                open
                0x000000000001d820                __open64
 *fill*         0x000000000001d919        0x7 
 .text          0x000000000001d920       0x95 /home/sysprog/glibc/build/libc_pic.a(read.os)
                0x000000000001d920                __read
                0x000000000001d920                __GI_read
                0x000000000001d920                __libc_read
                0x000000000001d920                __GI___read
                0x000000000001d920                read
                0x000000000001d920                __GI___libc_read
 *fill*         0x000000000001d9b5        0xb 
 .text          0x000000000001d9c0       0x98 /home/sysprog/glibc/build/libc_pic.a(write.os)
                0x000000000001d9c0                __write
                0x000000000001d9c0                __GI_write
                0x000000000001d9c0                write
                0x000000000001d9c0                __GI___libc_write
                0x000000000001d9c0                __GI___write
                0x000000000001d9c0                __libc_write
 *fill*         0x000000000001da58        0x8 
 .text          0x000000000001da60       0x34 /home/sysprog/glibc/build/libc_pic.a(lseek64.os)
                0x000000000001da60                __GI___lseek
                0x000000000001da60                __lseek64
                0x000000000001da60                lseek
                0x000000000001da60                __libc_lseek64
                0x000000000001da60                llseek
                0x000000000001da60                __lseek
                0x000000000001da60                __libc_lseek
                0x000000000001da60                lseek64
 *fill*         0x000000000001da94        0xc 
 .text          0x000000000001daa0       0x2a /home/sysprog/glibc/build/libc_pic.a(access.os)
                0x000000000001daa0                access
                0x000000000001daa0                __access
 *fill*         0x000000000001daca        0x6 
 .text          0x000000000001dad0      0x160 /home/sysprog/glibc/build/libc_pic.a(fcntl.os)
                0x000000000001db40                __fcntl_nocancel
                0x000000000001db70                __libc_fcntl
                0x000000000001db70                __GI___libc_fcntl
                0x000000000001db70                __GI___fcntl
                0x000000000001db70                __fcntl
                0x000000000001db70                fcntl
 .text          0x000000000001dc30       0x80 /home/sysprog/glibc/build/libc_pic.a(close.os)
                0x000000000001dc30                __libc_close
                0x000000000001dc30                __close
                0x000000000001dc30                __GI___close
                0x000000000001dc30                close
 .text          0x000000000001dcb0       0xf9 /home/sysprog/glibc/build/libc_pic.a(mmap64.os)
                0x000000000001dcb0                __GI___mmap
                0x000000000001dcb0                __mmap
                0x000000000001dcb0                mmap
                0x000000000001dcb0                __GI___mmap64
                0x000000000001dcb0                __mmap64
                0x000000000001dcb0                mmap64
 *fill*         0x000000000001dda9        0x7 
 .text          0x000000000001ddb0       0x21 /home/sysprog/glibc/build/libc_pic.a(munmap.os)
                0x000000000001ddb0                munmap
                0x000000000001ddb0                __GI___munmap
                0x000000000001ddb0                __GI_munmap
                0x000000000001ddb0                __munmap
 *fill*         0x000000000001ddd1        0xf 
 .text          0x000000000001dde0       0x21 /home/sysprog/glibc/build/libc_pic.a(mprotect.os)
                0x000000000001dde0                __mprotect
                0x000000000001dde0                __GI___mprotect
                0x000000000001dde0                __GI_mprotect
                0x000000000001dde0                mprotect
 *fill*         0x000000000001de01        0xf 
 .text          0x000000000001de10      0x1ce /home/sysprog/glibc/build/libc_pic.a(profil.os)
                0x000000000001de60                __profil
                0x000000000001de60                profil
 *fill*         0x000000000001dfde        0x2 
 .text          0x000000000001dfe0        0xb /home/sysprog/glibc/build/libc_pic.a(prof-freq.os)
                0x000000000001dfe0                __GI___profile_frequency
                0x000000000001dfe0                __profile_frequency
 *fill*         0x000000000001dfeb        0x5 
 .text          0x000000000001dff0       0x4c /home/sysprog/glibc/build/libc_pic.a(libc-lowlevellock.os)
                0x000000000001dff0                __lll_lock_wait_private
                0x000000000001e020                __lll_unlock_wake_private
 *fill*         0x000000000001e03c        0x4 
 .text          0x000000000001e040       0xb9 /home/sysprog/glibc/build/libc_pic.a(libc-cancellation.os)
                0x000000000001e040                __libc_enable_asynccancel
                0x000000000001e0a0                __libc_disable_asynccancel
 .text          0x000000000001e0f9        0x0 /home/sysprog/glibc/build/libc_pic.a(libc_multiple_threads.os)
 *fill*         0x000000000001e0f9        0x7 
 .text          0x000000000001e100       0x53 /home/sysprog/glibc/build/libc_pic.a(dl-addr-obj.os)
                0x000000000001e100                _dl_addr_inside_object
 *fill*         0x000000000001e153        0xd 
 .text          0x000000000001e160      0x274 /home/sysprog/glibc/build/libc_pic.a(sigaction.os)
                0x000000000001e180                __libc_sigaction
                0x000000000001e180                __GI___libc_sigaction
                0x000000000001e3b0                sigaction
                0x000000000001e3b0                __GI___sigaction
                0x000000000001e3b0                __sigaction
 *fill*         0x000000000001e3d4        0xc 
 .text          0x000000000001e3e0       0x21 /home/sysprog/glibc/build/libc_pic.a(setitimer.os)
                0x000000000001e3e0                setitimer
                0x000000000001e3e0                __setitimer
                0x000000000001e3e0                __GI_setitimer
                0x000000000001e3e0                __GI___setitimer
 *fill*         0x000000000001e401        0xf 
 .text          0x000000000001e410      0x5c6 /home/sysprog/glibc/build/libc_pic.a(forward.os)
                0x000000000001e410                pthread_equal
                0x000000000001e440                pthread_attr_destroy
                0x000000000001e470                pthread_attr_init@@GLIBC_2.2.5
                0x000000000001e470                __pthread_attr_init_2_1
                0x000000000001e4a0                pthread_attr_getdetachstate
                0x000000000001e4d0                pthread_attr_setdetachstate
                0x000000000001e500                pthread_attr_getinheritsched
                0x000000000001e530                pthread_attr_setinheritsched
                0x000000000001e560                pthread_attr_getschedparam
                0x000000000001e590                pthread_attr_setschedparam
                0x000000000001e5c0                pthread_attr_getschedpolicy
                0x000000000001e5f0                pthread_attr_setschedpolicy
                0x000000000001e620                pthread_attr_getscope
                0x000000000001e650                pthread_attr_setscope
                0x000000000001e680                pthread_condattr_destroy
                0x000000000001e6b0                pthread_condattr_init
                0x000000000001e6e0                pthread_cond_broadcast@@GLIBC_2.3.2
                0x000000000001e6e0                __pthread_cond_broadcast
                0x000000000001e710                pthread_cond_destroy@@GLIBC_2.3.2
                0x000000000001e710                __pthread_cond_destroy
                0x000000000001e740                pthread_cond_init@@GLIBC_2.3.2
                0x000000000001e740                __pthread_cond_init
                0x000000000001e770                pthread_cond_signal@@GLIBC_2.3.2
                0x000000000001e770                __pthread_cond_signal
                0x000000000001e7a0                pthread_cond_wait@@GLIBC_2.3.2
                0x000000000001e7a0                __pthread_cond_wait
                0x000000000001e7d0                pthread_cond_timedwait@@GLIBC_2.3.2
                0x000000000001e7d0                __pthread_cond_timedwait
                0x000000000001e800                pthread_exit
                0x000000000001e800                __pthread_exit
                0x000000000001e830                pthread_getschedparam
                0x000000000001e860                pthread_setschedparam
                0x000000000001e890                pthread_mutex_destroy
                0x000000000001e8c0                pthread_mutex_init
                0x000000000001e8f0                pthread_mutex_lock
                0x000000000001e920                pthread_mutex_unlock
                0x000000000001e950                pthread_self
                0x000000000001e980                __pthread_setcancelstate
                0x000000000001e980                pthread_setcancelstate
                0x000000000001e9b0                pthread_setcanceltype
 *fill*         0x000000000001e9d6        0xa 
 .text          0x000000000001e9e0      0x14a /home/sysprog/glibc/build/libc_pic.a(exit.os)
                0x000000000001e9e0                __run_exit_handlers
                0x000000000001eb10                __GI_exit
                0x000000000001eb10                exit
 *fill*         0x000000000001eb2a        0x6 
 .text          0x000000000001eb30      0x22f /home/sysprog/glibc/build/libc_pic.a(cxa_atexit.os)
                0x000000000001eb30                __new_exitfn
                0x000000000001ecc0                __internal_atexit
                0x000000000001ed10                __cxa_atexit
                0x000000000001ed10                __GI___cxa_atexit
 *fill*         0x000000000001ed5f        0x1 
 .text          0x000000000001ed60      0x135 /home/sysprog/glibc/build/libc_pic.a(cxa_thread_atexit_impl.os)
                0x000000000001ed60                __cxa_thread_atexit_impl
                0x000000000001ee30                __GI___call_tls_dtors
                0x000000000001ee30                __call_tls_dtors
 *(.gnu.warning)

.text.unlikely  0x0000000000000000      0x169
 .text.unlikely
                0x0000000000000000      0x169 /home/sysprog/glibc/build/elf/dl-allobjs.os
 .text.unlikely
                0x0000000000000169        0x0 /home/sysprog/glibc/build/libc_pic.a(check_fds.os)
 .text.unlikely
                0x0000000000000169        0x0 /home/sysprog/glibc/build/libc_pic.a(strchr.os)
 .text.unlikely
                0x0000000000000169        0x0 /home/sysprog/glibc/build/libc_pic.a(strcmp.os)
 .text.unlikely
                0x0000000000000169        0x0 /home/sysprog/glibc/build/libc_pic.a(strcspn.os)
 .text.unlikely
                0x0000000000000169        0x0 /home/sysprog/glibc/build/libc_pic.a(strdup.os)
 .text.unlikely
                0x0000000000000169        0x0 /home/sysprog/glibc/build/libc_pic.a(strlen.os)
 .text.unlikely
                0x0000000000000169        0x0 /home/sysprog/glibc/build/libc_pic.a(strnlen.os)
 .text.unlikely
                0x0000000000000169        0x0 /home/sysprog/glibc/build/libc_pic.a(memchr.os)
 .text.unlikely
                0x0000000000000169        0x0 /home/sysprog/glibc/build/libc_pic.a(memcmp.os)
 .text.unlikely
                0x0000000000000169        0x0 /home/sysprog/glibc/build/libc_pic.a(memmove.os)
 .text.unlikely
                0x0000000000000169        0x0 /home/sysprog/glibc/build/libc_pic.a(memset.os)
 .text.unlikely
                0x0000000000000169        0x0 /home/sysprog/glibc/build/libc_pic.a(mempcpy.os)
 .text.unlikely
                0x0000000000000169        0x0 /home/sysprog/glibc/build/libc_pic.a(stpcpy.os)
 .text.unlikely
                0x0000000000000169        0x0 /home/sysprog/glibc/build/libc_pic.a(memcpy.os)
 .text.unlikely
                0x0000000000000169        0x0 /home/sysprog/glibc/build/libc_pic.a(rawmemchr.os)
 .text.unlikely
                0x0000000000000169        0x0 /home/sysprog/glibc/build/libc_pic.a(cacheinfo.os)
 .text.unlikely
                0x0000000000000169        0x0 /home/sysprog/glibc/build/libc_pic.a(closedir.os)
 .text.unlikely
                0x0000000000000169        0x0 /home/sysprog/glibc/build/libc_pic.a(readdir.os)
 .text.unlikely
                0x0000000000000169        0x0 /home/sysprog/glibc/build/libc_pic.a(rewinddir.os)
 .text.unlikely
                0x0000000000000169        0x0 /home/sysprog/glibc/build/libc_pic.a(getdents.os)
 .text.unlikely
                0x0000000000000169        0x0 /home/sysprog/glibc/build/libc_pic.a(fdopendir.os)
 .text.unlikely
                0x0000000000000169        0x0 /home/sysprog/glibc/build/libc_pic.a(_exit.os)
 .text.unlikely
                0x0000000000000169        0x0 /home/sysprog/glibc/build/libc_pic.a(xstat.os)
 .text.unlikely
                0x0000000000000169        0x0 /home/sysprog/glibc/build/libc_pic.a(fxstat.os)
 .text.unlikely
                0x0000000000000169        0x0 /home/sysprog/glibc/build/libc_pic.a(lxstat.os)
 .text.unlikely
                0x0000000000000169        0x0 /home/sysprog/glibc/build/libc_pic.a(open64.os)
 .text.unlikely
                0x0000000000000169        0x0 /home/sysprog/glibc/build/libc_pic.a(read.os)
 .text.unlikely
                0x0000000000000169        0x0 /home/sysprog/glibc/build/libc_pic.a(write.os)
 .text.unlikely
                0x0000000000000169        0x0 /home/sysprog/glibc/build/libc_pic.a(lseek64.os)
 .text.unlikely
                0x0000000000000169        0x0 /home/sysprog/glibc/build/libc_pic.a(access.os)
 .text.unlikely
                0x0000000000000169        0x0 /home/sysprog/glibc/build/libc_pic.a(fcntl.os)
 .text.unlikely
                0x0000000000000169        0x0 /home/sysprog/glibc/build/libc_pic.a(close.os)
 .text.unlikely
                0x0000000000000169        0x0 /home/sysprog/glibc/build/libc_pic.a(mmap64.os)
 .text.unlikely
                0x0000000000000169        0x0 /home/sysprog/glibc/build/libc_pic.a(profil.os)
 .text.unlikely
                0x0000000000000169        0x0 /home/sysprog/glibc/build/libc_pic.a(prof-freq.os)
 .text.unlikely
                0x0000000000000169        0x0 /home/sysprog/glibc/build/libc_pic.a(dl-addr-obj.os)
 .text.unlikely
                0x0000000000000169        0x0 /home/sysprog/glibc/build/libc_pic.a(sigaction.os)
 .text.unlikely
                0x0000000000000169        0x0 /home/sysprog/glibc/build/libc_pic.a(forward.os)
 .text.unlikely
                0x0000000000000169        0x0 /home/sysprog/glibc/build/libc_pic.a(exit.os)
 .text.unlikely
                0x0000000000000169        0x0 /home/sysprog/glibc/build/libc_pic.a(cxa_atexit.os)
 .text.unlikely
                0x0000000000000169        0x0 /home/sysprog/glibc/build/libc_pic.a(cxa_thread_atexit_impl.os)

.text.ssse3     0x0000000000000000     0xd5e3
 .text.ssse3    0x0000000000000000     0x1259 /home/sysprog/glibc/build/libc_pic.a(strcmp-ssse3.os)
                0x0000000000000000                __GI___strcmp_ssse3
                0x0000000000000000                __strcmp_ssse3
 *fill*         0x0000000000001259        0x7 
 .text.ssse3    0x0000000000001260     0x29e6 /home/sysprog/glibc/build/libc_pic.a(memcpy-ssse3.os)
                0x0000000000001260                __mempcpy_chk_ssse3
                0x0000000000001270                __mempcpy_ssse3
                0x0000000000001280                __memcpy_chk_ssse3
                0x0000000000001290                __memcpy_ssse3
 *fill*         0x0000000000003c46        0xa 
 .text.ssse3    0x0000000000003c50     0x2b77 /home/sysprog/glibc/build/libc_pic.a(memmove-ssse3.os)
                0x0000000000003c50                __memmove_chk_ssse3
                0x0000000000003c60                __memmove_ssse3
 *fill*         0x00000000000067c7        0x9 
 .text.ssse3    0x00000000000067d0     0x2ae6 /home/sysprog/glibc/build/libc_pic.a(memcpy-ssse3-back.os)
                0x00000000000067d0                __mempcpy_chk_ssse3_back
                0x00000000000067e0                __mempcpy_ssse3_back
                0x00000000000067f0                __memcpy_chk_ssse3_back
                0x0000000000006800                __memcpy_ssse3_back
 *fill*         0x00000000000092b6        0xa 
 .text.ssse3    0x00000000000092c0     0x2b16 /home/sysprog/glibc/build/libc_pic.a(memmove-ssse3-back.os)
                0x00000000000092c0                __memmove_chk_ssse3_back
                0x00000000000092d0                __memmove_ssse3_back
 *fill*         0x000000000000bdd6        0xa 
 .text.ssse3    0x000000000000bde0     0x1803 /home/sysprog/glibc/build/libc_pic.a(stpcpy-ssse3.os)
                0x000000000000bde0                __stpcpy_ssse3

.text.avx       0x0000000000000000     0x14eb
 .text.avx      0x0000000000000000      0x2cd /home/sysprog/glibc/build/libc_pic.a(memchr-avx2.os)
                0x0000000000000000                __memchr_avx2
 *fill*         0x00000000000002cd        0x3 
 .text.avx      0x00000000000002d0      0x13d /home/sysprog/glibc/build/libc_pic.a(rawmemchr-avx2.os)
                0x00000000000002d0                __rawmemchr_avx2
 *fill*         0x000000000000040d        0x3 
 .text.avx      0x0000000000000410      0x3d4 /home/sysprog/glibc/build/libc_pic.a(memcmp-avx2-movbe.os)
                0x0000000000000410                __memcmp_avx2_movbe
 *fill*         0x00000000000007e4        0xc 
 .text.avx      0x00000000000007f0      0x224 /home/sysprog/glibc/build/libc_pic.a(strchr-avx2.os)
                0x00000000000007f0                __strchr_avx2
 *fill*         0x0000000000000a14        0xc 
 .text.avx      0x0000000000000a20      0x190 /home/sysprog/glibc/build/libc_pic.a(strlen-avx2.os)
                0x0000000000000a20                __strlen_avx2
 .text.avx      0x0000000000000bb0      0x320 /home/sysprog/glibc/build/libc_pic.a(strnlen-avx2.os)
                0x0000000000000bb0                __strnlen_avx2
 .text.avx      0x0000000000000ed0      0x464 /home/sysprog/glibc/build/libc_pic.a(memmove-avx-unaligned-erms.os)
                0x0000000000000ed0                __mempcpy_chk_avx_unaligned
                0x0000000000000ee0                __mempcpy_avx_unaligned
                0x0000000000000ef0                __memcpy_chk_avx_unaligned
                0x0000000000000ef0                __memmove_chk_avx_unaligned
                0x0000000000000f00                __memcpy_avx_unaligned
                0x0000000000000f00                __memmove_avx_unaligned
                0x0000000000000f30                __mempcpy_chk_avx_unaligned_erms
                0x0000000000000f40                __mempcpy_avx_unaligned_erms
                0x0000000000000f50                __memmove_chk_avx_unaligned_erms
                0x0000000000000f50                __memcpy_chk_avx_unaligned_erms
                0x0000000000000f60                __memcpy_avx_unaligned_erms
                0x0000000000000f60                __memmove_avx_unaligned_erms
 *fill*         0x0000000000001334        0xc 
 .text.avx      0x0000000000001340      0x1ab /home/sysprog/glibc/build/libc_pic.a(memset-avx2-unaligned-erms.os)
                0x0000000000001340                __wmemset_chk_avx2_unaligned
                0x0000000000001350                __wmemset_avx2_unaligned
                0x0000000000001370                __memset_chk_avx2_unaligned
                0x0000000000001380                __memset_avx2_unaligned
                0x00000000000013b0                __memset_avx2_erms
                0x00000000000013d0                __memset_chk_avx2_unaligned_erms
                0x00000000000013e0                __memset_avx2_unaligned_erms

.text.sse4.1    0x0000000000000000     0x163e
 .text.sse4.1   0x0000000000000000     0x163e /home/sysprog/glibc/build/libc_pic.a(memcmp-sse4.os)
                0x0000000000000000                __memcmp_sse4_1

.text.avx512    0x0000000000000000     0x1191
 .text.avx512   0x0000000000000000      0x768 /home/sysprog/glibc/build/libc_pic.a(memmove-avx512-no-vzeroupper.os)
                0x0000000000000000                __mempcpy_chk_avx512_no_vzeroupper
                0x0000000000000010                __mempcpy_avx512_no_vzeroupper
                0x0000000000000020                __memcpy_chk_avx512_no_vzeroupper
                0x0000000000000020                __memmove_chk_avx512_no_vzeroupper
                0x0000000000000030                __memcpy_avx512_no_vzeroupper
                0x0000000000000030                __memmove_avx512_no_vzeroupper
 *fill*         0x0000000000000768        0x8 
 .text.avx512   0x0000000000000770      0x280 /home/sysprog/glibc/build/libc_pic.a(memset-avx512-no-vzeroupper.os)
                0x0000000000000770                __memset_chk_avx512_no_vzeroupper
                0x0000000000000780                __memset_avx512_no_vzeroupper
 .text.avx512   0x00000000000009f0      0x598 /home/sysprog/glibc/build/libc_pic.a(memmove-avx512-unaligned-erms.os)
                0x00000000000009f0                __mempcpy_chk_avx512_unaligned
                0x0000000000000a00                __mempcpy_avx512_unaligned
                0x0000000000000a10                __memcpy_chk_avx512_unaligned
                0x0000000000000a10                __memmove_chk_avx512_unaligned
                0x0000000000000a20                __memmove_avx512_unaligned
                0x0000000000000a20                __memcpy_avx512_unaligned
                0x0000000000000a60                __mempcpy_chk_avx512_unaligned_erms
                0x0000000000000a70                __mempcpy_avx512_unaligned_erms
                0x0000000000000a80                __memcpy_chk_avx512_unaligned_erms
                0x0000000000000a80                __memmove_chk_avx512_unaligned_erms
                0x0000000000000a90                __memmove_avx512_unaligned_erms
                0x0000000000000a90                __memcpy_avx512_unaligned_erms
 *fill*         0x0000000000000f88        0x8 
 .text.avx512   0x0000000000000f90      0x201 /home/sysprog/glibc/build/libc_pic.a(memset-avx512-unaligned-erms.os)
                0x0000000000000f90                __wmemset_chk_avx512_unaligned
                0x0000000000000fa0                __wmemset_avx512_unaligned
                0x0000000000000fc0                __memset_chk_avx512_unaligned
                0x0000000000000fd0                __memset_avx512_unaligned
                0x0000000000001010                __memset_avx512_erms
                0x0000000000001030                __memset_chk_avx512_unaligned_erms
                0x0000000000001040                __memset_avx512_unaligned_erms

.text.atom      0x0000000000000000     0x1a83
 .text.atom     0x0000000000000000      0x315 /home/sysprog/glibc/build/libc_pic.a(strchr-sse2-no-bsf.os)
                0x0000000000000000                __strchr_sse2_no_bsf
 *fill*         0x0000000000000315        0xb 
 .text.atom     0x0000000000000320     0x1763 /home/sysprog/glibc/build/libc_pic.a(memcmp-ssse3.os)
                0x0000000000000320                __memcmp_ssse3

.text.sse4.2    0x0000000000000000      0x13f
 .text.sse4.2   0x0000000000000000      0x13f /home/sysprog/glibc/build/libc_pic.a(strcspn-c.os)
                0x0000000000000000                __strcspn_sse42

.text.startup   0x0000000000000000      0x49f
 .text.startup  0x0000000000000000      0x49f /home/sysprog/glibc/build/libc_pic.a(cacheinfo.os)

.text.compat    0x0000000000000000      0x160
 .text.compat   0x0000000000000000      0x160 /home/sysprog/glibc/build/libc_pic.a(forward.os)
                0x0000000000000000                pthread_cond_broadcast@GLIBC_2.2.5
                0x0000000000000000                __pthread_cond_broadcast_2_0
                0x0000000000000030                __pthread_cond_destroy_2_0
                0x0000000000000030                pthread_cond_destroy@GLIBC_2.2.5
                0x0000000000000060                __pthread_cond_init_2_0
                0x0000000000000060                pthread_cond_init@GLIBC_2.2.5
                0x0000000000000090                __pthread_cond_signal_2_0
                0x0000000000000090                pthread_cond_signal@GLIBC_2.2.5
                0x00000000000000c0                pthread_cond_wait@GLIBC_2.2.5
                0x00000000000000c0                __pthread_cond_wait_2_0
                0x00000000000000f0                pthread_cond_timedwait@GLIBC_2.2.5
                0x00000000000000f0                __pthread_cond_timedwait_2_0
                0x0000000000000120                __pthread_unwind

.fini
 *(SORT(.fini))

.rodata         0x0000000000000000     0x1160
 *(.rodata)
 .rodata        0x0000000000000000      0xd48 /home/sysprog/glibc/build/elf/dl-allobjs.os
                0x0000000000000ca0                __GI__itoa_lower_digits
                0x0000000000000ca0                _itoa_lower_digits
 .rodata        0x0000000000000d48       0x40 /home/sysprog/glibc/build/libc_pic.a(strcmp-sse2.os)
 .rodata        0x0000000000000d88       0x40 /home/sysprog/glibc/build/libc_pic.a(strcmp-ssse3.os)
 .rodata        0x0000000000000dc8       0x80 /home/sysprog/glibc/build/libc_pic.a(stpcpy-sse2-unaligned.os)
 *fill*         0x0000000000000e48        0x8 
 .rodata        0x0000000000000e50       0x1f /home/sysprog/glibc/build/libc_pic.a(varshift.os)
                0x0000000000000e50                ___m128i_shift_right
 *fill*         0x0000000000000e6f       0x11 
 .rodata        0x0000000000000e80      0x2e0 /home/sysprog/glibc/build/libc_pic.a(cacheinfo.os)

.rodata.str1.1  0x0000000000000000     0x1337
 .rodata.str1.1
                0x0000000000000000     0x12d3 /home/sysprog/glibc/build/elf/dl-allobjs.os
 .rodata.str1.1
                0x00000000000012d3       0x14 /home/sysprog/glibc/build/libc_pic.a(check_fds.os)
 .rodata.str1.1
                0x00000000000012e7       0x39 /home/sysprog/glibc/build/libc_pic.a(cacheinfo.os)
 .rodata.str1.1
                0x0000000000001320       0x17 /home/sysprog/glibc/build/libc_pic.a(cxa_atexit.os)

.rodata.str1.8  0x0000000000000000     0x232d
 .rodata.str1.8
                0x0000000000000000     0x2309 /home/sysprog/glibc/build/elf/dl-allobjs.os
 *fill*         0x0000000000002309        0x7 
 .rodata.str1.8
                0x0000000000002310        0xb /home/sysprog/glibc/build/libc_pic.a(cacheinfo.os)
 *fill*         0x000000000000231b        0x5 
 .rodata.str1.8
                0x0000000000002320        0xd /home/sysprog/glibc/build/libc_pic.a(cxa_atexit.os)

.rodata.str1.16
                0x0000000000000000      0x381
 .rodata.str1.16
                0x0000000000000000      0x366 /home/sysprog/glibc/build/elf/dl-allobjs.os
 *fill*         0x0000000000000366        0xa 
 .rodata.str1.16
                0x0000000000000370       0x11 /home/sysprog/glibc/build/libc_pic.a(cacheinfo.os)

.rodata.cst16   0x0000000000000000       0x20
 .rodata.cst16  0x0000000000000000       0x20 /home/sysprog/glibc/build/elf/dl-allobjs.os

.rodata.cst4    0x0000000000000000        0x4
 .rodata.cst4   0x0000000000000000        0x4 /home/sysprog/glibc/build/elf/dl-allobjs.os

.rodata.str1.32
                0x0000000000000000       0x3b
 .rodata.str1.32
                0x0000000000000000       0x3b /home/sysprog/glibc/build/elf/dl-allobjs.os

.rodata.sse4.1  0x0000000000000000      0x140
 .rodata.sse4.1
                0x0000000000000000      0x140 /home/sysprog/glibc/build/libc_pic.a(memcmp-sse4.os)

.rodata.ssse3   0x0000000000000000      0xd80
 .rodata.ssse3  0x0000000000000000      0x1c0 /home/sysprog/glibc/build/libc_pic.a(memcpy-ssse3.os)
 .rodata.ssse3  0x00000000000001c0      0x1c0 /home/sysprog/glibc/build/libc_pic.a(memmove-ssse3.os)
 .rodata.ssse3  0x0000000000000380      0x500 /home/sysprog/glibc/build/libc_pic.a(memcpy-ssse3-back.os)
 .rodata.ssse3  0x0000000000000880      0x500 /home/sysprog/glibc/build/libc_pic.a(memmove-ssse3-back.os)

.rodata1
 *(.rodata1)

.eh_frame_hdr
 *(.eh_frame_hdr)

.eh_frame       0x0000000000000000     0x42f8
 *(.eh_frame)
 .eh_frame      0x0000000000000000     0x2428 /home/sysprog/glibc/build/elf/dl-allobjs.os
 .eh_frame      0x0000000000002428       0x68 /home/sysprog/glibc/build/libc_pic.a(check_fds.os)
 .eh_frame      0x0000000000002490       0x30 /home/sysprog/glibc/build/libc_pic.a(setjmp.os)
 .eh_frame      0x00000000000024c0       0x48 /home/sysprog/glibc/build/libc_pic.a(__longjmp.os)
 .eh_frame      0x0000000000002508       0x30 /home/sysprog/glibc/build/libc_pic.a(strchr.os)
 .eh_frame      0x0000000000002538       0x30 /home/sysprog/glibc/build/libc_pic.a(strcmp.os)
 .eh_frame      0x0000000000002568       0x30 /home/sysprog/glibc/build/libc_pic.a(strcspn.os)
 .eh_frame      0x0000000000002598       0x50 /home/sysprog/glibc/build/libc_pic.a(strdup.os)
 .eh_frame      0x00000000000025e8       0x30 /home/sysprog/glibc/build/libc_pic.a(strlen.os)
 .eh_frame      0x0000000000002618       0x30 /home/sysprog/glibc/build/libc_pic.a(strnlen.os)
 .eh_frame      0x0000000000002648       0x30 /home/sysprog/glibc/build/libc_pic.a(memchr.os)
 .eh_frame      0x0000000000002678       0x30 /home/sysprog/glibc/build/libc_pic.a(memcmp.os)
 .eh_frame      0x00000000000026a8       0x30 /home/sysprog/glibc/build/libc_pic.a(memmove.os)
 .eh_frame      0x00000000000026d8       0x30 /home/sysprog/glibc/build/libc_pic.a(memset.os)
 .eh_frame      0x0000000000002708       0x30 /home/sysprog/glibc/build/libc_pic.a(mempcpy.os)
 .eh_frame      0x0000000000002738       0x30 /home/sysprog/glibc/build/libc_pic.a(stpcpy.os)
 .eh_frame      0x0000000000002768       0x30 /home/sysprog/glibc/build/libc_pic.a(memcpy.os)
 .eh_frame      0x0000000000002798       0x30 /home/sysprog/glibc/build/libc_pic.a(rawmemchr.os)
 .eh_frame      0x00000000000027c8       0x30 /home/sysprog/glibc/build/libc_pic.a(strcmp-sse2.os)
 .eh_frame      0x00000000000027f8       0x30 /home/sysprog/glibc/build/libc_pic.a(strcmp-sse2-unaligned.os)
 .eh_frame      0x0000000000002828       0x30 /home/sysprog/glibc/build/libc_pic.a(strcmp-ssse3.os)
 .eh_frame      0x0000000000002858       0x30 /home/sysprog/glibc/build/libc_pic.a(memchr-sse2.os)
 .eh_frame      0x0000000000002888       0x30 /home/sysprog/glibc/build/libc_pic.a(rawmemchr-sse2.os)
 .eh_frame      0x00000000000028b8       0x30 /home/sysprog/glibc/build/libc_pic.a(memchr-avx2.os)
 .eh_frame      0x00000000000028e8       0x30 /home/sysprog/glibc/build/libc_pic.a(rawmemchr-avx2.os)
 .eh_frame      0x0000000000002918       0x30 /home/sysprog/glibc/build/libc_pic.a(memcmp-sse2.os)
 .eh_frame      0x0000000000002948       0x30 /home/sysprog/glibc/build/libc_pic.a(memcmp-avx2-movbe.os)
 .eh_frame      0x0000000000002978       0x30 /home/sysprog/glibc/build/libc_pic.a(memcmp-sse4.os)
 .eh_frame      0x00000000000029a8       0x78 /home/sysprog/glibc/build/libc_pic.a(memcpy-ssse3.os)
                                         0x68 (size before relaxing)
 .eh_frame      0x0000000000002a20       0x48 /home/sysprog/glibc/build/libc_pic.a(memmove-ssse3.os)
                                         0x40 (size before relaxing)
 .eh_frame      0x0000000000002a68       0x78 /home/sysprog/glibc/build/libc_pic.a(memcpy-ssse3-back.os)
                                         0x68 (size before relaxing)
 .eh_frame      0x0000000000002ae0       0x48 /home/sysprog/glibc/build/libc_pic.a(memmove-ssse3-back.os)
                                         0x40 (size before relaxing)
 .eh_frame      0x0000000000002b28       0x78 /home/sysprog/glibc/build/libc_pic.a(memmove-avx512-no-vzeroupper.os)
                                         0x68 (size before relaxing)
 .eh_frame      0x0000000000002ba0       0x30 /home/sysprog/glibc/build/libc_pic.a(strchr-sse2.os)
 .eh_frame      0x0000000000002bd0       0x30 /home/sysprog/glibc/build/libc_pic.a(strchr-avx2.os)
 .eh_frame      0x0000000000002c00       0x30 /home/sysprog/glibc/build/libc_pic.a(strlen-sse2.os)
 .eh_frame      0x0000000000002c30       0x30 /home/sysprog/glibc/build/libc_pic.a(strnlen-sse2.os)
 .eh_frame      0x0000000000002c60       0x30 /home/sysprog/glibc/build/libc_pic.a(strlen-avx2.os)
 .eh_frame      0x0000000000002c90       0x30 /home/sysprog/glibc/build/libc_pic.a(strnlen-avx2.os)
 .eh_frame      0x0000000000002cc0       0x30 /home/sysprog/glibc/build/libc_pic.a(stpcpy-sse2.os)
 .eh_frame      0x0000000000002cf0       0x30 /home/sysprog/glibc/build/libc_pic.a(stpcpy-ssse3.os)
 .eh_frame      0x0000000000002d20       0x30 /home/sysprog/glibc/build/libc_pic.a(stpcpy-sse2-unaligned.os)
 .eh_frame      0x0000000000002d50       0x30 /home/sysprog/glibc/build/libc_pic.a(strchr-sse2-no-bsf.os)
 .eh_frame      0x0000000000002d80       0x30 /home/sysprog/glibc/build/libc_pic.a(memcmp-ssse3.os)
 .eh_frame      0x0000000000002db0       0x38 /home/sysprog/glibc/build/libc_pic.a(strcspn-sse2.os)
 .eh_frame      0x0000000000002de8       0x30 /home/sysprog/glibc/build/libc_pic.a(strcspn-c.os)
 .eh_frame      0x0000000000002e18       0x48 /home/sysprog/glibc/build/libc_pic.a(memset-avx512-no-vzeroupper.os)
                                         0x40 (size before relaxing)
 .eh_frame      0x0000000000002e60      0x138 /home/sysprog/glibc/build/libc_pic.a(memmove-sse2-unaligned-erms.os)
                                        0x108 (size before relaxing)
 .eh_frame      0x0000000000002f98       0xd8 /home/sysprog/glibc/build/libc_pic.a(memmove-avx-unaligned-erms.os)
                                         0xb8 (size before relaxing)
 .eh_frame      0x0000000000003070       0xd8 /home/sysprog/glibc/build/libc_pic.a(memmove-avx512-unaligned-erms.os)
                                         0xb8 (size before relaxing)
 .eh_frame      0x0000000000003148       0xf0 /home/sysprog/glibc/build/libc_pic.a(memset-sse2-unaligned-erms.os)
                                         0xd0 (size before relaxing)
 .eh_frame      0x0000000000003238       0xc0 /home/sysprog/glibc/build/libc_pic.a(memset-avx2-unaligned-erms.os)
                                         0xa8 (size before relaxing)
 .eh_frame      0x00000000000032f8       0xc0 /home/sysprog/glibc/build/libc_pic.a(memset-avx512-unaligned-erms.os)
                                         0xa8 (size before relaxing)
 .eh_frame      0x00000000000033b8      0x1c8 /home/sysprog/glibc/build/libc_pic.a(cacheinfo.os)
                                        0x1c0 (size before relaxing)
 .eh_frame      0x0000000000003580       0x40 /home/sysprog/glibc/build/libc_pic.a(closedir.os)
 .eh_frame      0x00000000000035c0       0x68 /home/sysprog/glibc/build/libc_pic.a(readdir.os)
 .eh_frame      0x0000000000003628       0x40 /home/sysprog/glibc/build/libc_pic.a(rewinddir.os)
 .eh_frame      0x0000000000003668       0x68 /home/sysprog/glibc/build/libc_pic.a(getdents.os)
 .eh_frame      0x00000000000036d0       0x50 /home/sysprog/glibc/build/libc_pic.a(fdopendir.os)
 .eh_frame      0x0000000000003720       0x30 /home/sysprog/glibc/build/libc_pic.a(uname.os)
 .eh_frame      0x0000000000003750       0x30 /home/sysprog/glibc/build/libc_pic.a(_exit.os)
 .eh_frame      0x0000000000003780       0x30 /home/sysprog/glibc/build/libc_pic.a(getpid.os)
 .eh_frame      0x00000000000037b0       0x30 /home/sysprog/glibc/build/libc_pic.a(xstat.os)
 .eh_frame      0x00000000000037e0       0x30 /home/sysprog/glibc/build/libc_pic.a(fxstat.os)
 .eh_frame      0x0000000000003810       0x30 /home/sysprog/glibc/build/libc_pic.a(lxstat.os)
 .eh_frame      0x0000000000003840       0x58 /home/sysprog/glibc/build/libc_pic.a(open64.os)
 .eh_frame      0x0000000000003898       0x50 /home/sysprog/glibc/build/libc_pic.a(read.os)
 .eh_frame      0x00000000000038e8       0x50 /home/sysprog/glibc/build/libc_pic.a(write.os)
 .eh_frame      0x0000000000003938       0x30 /home/sysprog/glibc/build/libc_pic.a(lseek64.os)
 .eh_frame      0x0000000000003968       0x30 /home/sysprog/glibc/build/libc_pic.a(access.os)
 .eh_frame      0x0000000000003998       0x68 /home/sysprog/glibc/build/libc_pic.a(fcntl.os)
                                         0x60 (size before relaxing)
 .eh_frame      0x0000000000003a00       0x40 /home/sysprog/glibc/build/libc_pic.a(close.os)
 .eh_frame      0x0000000000003a40       0x70 /home/sysprog/glibc/build/libc_pic.a(mmap64.os)
 .eh_frame      0x0000000000003ab0       0x30 /home/sysprog/glibc/build/libc_pic.a(munmap.os)
 .eh_frame      0x0000000000003ae0       0x30 /home/sysprog/glibc/build/libc_pic.a(mprotect.os)
 .eh_frame      0x0000000000003b10       0x80 /home/sysprog/glibc/build/libc_pic.a(profil.os)
 .eh_frame      0x0000000000003b90       0x30 /home/sysprog/glibc/build/libc_pic.a(prof-freq.os)
 .eh_frame      0x0000000000003bc0       0x68 /home/sysprog/glibc/build/libc_pic.a(libc-lowlevellock.os)
                                         0x60 (size before relaxing)
 .eh_frame      0x0000000000003c28       0x48 /home/sysprog/glibc/build/libc_pic.a(libc-cancellation.os)
                                         0x40 (size before relaxing)
 .eh_frame      0x0000000000003c70       0x30 /home/sysprog/glibc/build/libc_pic.a(dl-addr-obj.os)
 .eh_frame      0x0000000000003ca0       0xf0 /home/sysprog/glibc/build/libc_pic.a(sigaction.os)
                                         0xe8 (size before relaxing)
 .eh_frame      0x0000000000003d90       0x30 /home/sysprog/glibc/build/libc_pic.a(setitimer.os)
 .eh_frame      0x0000000000003dc0      0x3a8 /home/sysprog/glibc/build/libc_pic.a(forward.os)
                                        0x310 (size before relaxing)
 .eh_frame      0x0000000000004168       0x58 /home/sysprog/glibc/build/libc_pic.a(exit.os)
 .eh_frame      0x00000000000041c0       0xb8 /home/sysprog/glibc/build/libc_pic.a(cxa_atexit.os)
                                         0xb0 (size before relaxing)
 .eh_frame      0x0000000000004278       0x80 /home/sysprog/glibc/build/libc_pic.a(cxa_thread_atexit_impl.os)

.gcc_except_table
 *(.gcc_except_table .gcc_except_table.*)

.gnu_extab
 *(.gnu_extab*)

.exception_ranges
 *(.exception_ranges .exception_ranges*)

.eh_frame
 *(.eh_frame)

.gnu_extab
 *(.gnu_extab)

.gcc_except_table
 *(.gcc_except_table .gcc_except_table.*)

.exception_ranges
 *(.exception_ranges .exception_ranges*)

.tdata
 *(.tdata)

.tbss           0x0000000000000000       0x18
 *(.tbss)
 .tbss          0x0000000000000000        0x4 /home/sysprog/glibc/build/libc_pic.a(errno.os)
                0x0000000000000000                errno
                0x0000000000000000                __libc_errno
 *fill*         0x0000000000000004        0x4 
 .tbss          0x0000000000000008       0x10 /home/sysprog/glibc/build/libc_pic.a(cxa_thread_atexit_impl.os)

.preinit_array
 *(.preinit_array)

.jcr
 *(.jcr)

.dynamic
 *(.dynamic)

.got
 *(.got)
 *(.igot)

.got.plt
 *(.got.plt)
 *(.igot.plt)

.data           0x0000000000000000      0xfb8
 *(.data)
 .data          0x0000000000000000      0xf78 /home/sysprog/glibc/build/elf/dl-allobjs.os
                0x0000000000000000                _rtld_global
                0x0000000000000000                _rtld_local
 .data          0x0000000000000f78        0x0 /home/sysprog/glibc/build/libc_pic.a(check_fds.os)
 .data          0x0000000000000f78        0x0 /home/sysprog/glibc/build/libc_pic.a(errno.os)
 .data          0x0000000000000f78        0x0 /home/sysprog/glibc/build/libc_pic.a(setjmp.os)
 .data          0x0000000000000f78        0x0 /home/sysprog/glibc/build/libc_pic.a(__longjmp.os)
 .data          0x0000000000000f78        0x0 /home/sysprog/glibc/build/libc_pic.a(strchr.os)
 .data          0x0000000000000f78        0x0 /home/sysprog/glibc/build/libc_pic.a(strcmp.os)
 .data          0x0000000000000f78        0x0 /home/sysprog/glibc/build/libc_pic.a(strcspn.os)
 .data          0x0000000000000f78        0x0 /home/sysprog/glibc/build/libc_pic.a(strdup.os)
 .data          0x0000000000000f78        0x0 /home/sysprog/glibc/build/libc_pic.a(strlen.os)
 .data          0x0000000000000f78        0x0 /home/sysprog/glibc/build/libc_pic.a(strnlen.os)
 .data          0x0000000000000f78        0x0 /home/sysprog/glibc/build/libc_pic.a(memchr.os)
 .data          0x0000000000000f78        0x0 /home/sysprog/glibc/build/libc_pic.a(memcmp.os)
 .data          0x0000000000000f78        0x0 /home/sysprog/glibc/build/libc_pic.a(memmove.os)
 .data          0x0000000000000f78        0x0 /home/sysprog/glibc/build/libc_pic.a(memset.os)
 .data          0x0000000000000f78        0x0 /home/sysprog/glibc/build/libc_pic.a(mempcpy.os)
 .data          0x0000000000000f78        0x0 /home/sysprog/glibc/build/libc_pic.a(stpcpy.os)
 .data          0x0000000000000f78        0x0 /home/sysprog/glibc/build/libc_pic.a(memcpy.os)
 .data          0x0000000000000f78        0x0 /home/sysprog/glibc/build/libc_pic.a(rawmemchr.os)
 .data          0x0000000000000f78        0x0 /home/sysprog/glibc/build/libc_pic.a(strcmp-sse2.os)
 .data          0x0000000000000f78        0x0 /home/sysprog/glibc/build/libc_pic.a(strcmp-sse2-unaligned.os)
 .data          0x0000000000000f78        0x0 /home/sysprog/glibc/build/libc_pic.a(strcmp-ssse3.os)
 .data          0x0000000000000f78        0x0 /home/sysprog/glibc/build/libc_pic.a(memchr-sse2.os)
 .data          0x0000000000000f78        0x0 /home/sysprog/glibc/build/libc_pic.a(rawmemchr-sse2.os)
 .data          0x0000000000000f78        0x0 /home/sysprog/glibc/build/libc_pic.a(memchr-avx2.os)
 .data          0x0000000000000f78        0x0 /home/sysprog/glibc/build/libc_pic.a(rawmemchr-avx2.os)
 .data          0x0000000000000f78        0x0 /home/sysprog/glibc/build/libc_pic.a(memcmp-sse2.os)
 .data          0x0000000000000f78        0x0 /home/sysprog/glibc/build/libc_pic.a(memcmp-avx2-movbe.os)
 .data          0x0000000000000f78        0x0 /home/sysprog/glibc/build/libc_pic.a(memcmp-sse4.os)
 .data          0x0000000000000f78        0x0 /home/sysprog/glibc/build/libc_pic.a(memcpy-ssse3.os)
 .data          0x0000000000000f78        0x0 /home/sysprog/glibc/build/libc_pic.a(memmove-ssse3.os)
 .data          0x0000000000000f78        0x0 /home/sysprog/glibc/build/libc_pic.a(memcpy-ssse3-back.os)
 .data          0x0000000000000f78        0x0 /home/sysprog/glibc/build/libc_pic.a(memmove-ssse3-back.os)
 .data          0x0000000000000f78        0x0 /home/sysprog/glibc/build/libc_pic.a(memmove-avx512-no-vzeroupper.os)
 .data          0x0000000000000f78        0x0 /home/sysprog/glibc/build/libc_pic.a(strchr-sse2.os)
 .data          0x0000000000000f78        0x0 /home/sysprog/glibc/build/libc_pic.a(strchr-avx2.os)
 .data          0x0000000000000f78        0x0 /home/sysprog/glibc/build/libc_pic.a(strlen-sse2.os)
 .data          0x0000000000000f78        0x0 /home/sysprog/glibc/build/libc_pic.a(strnlen-sse2.os)
 .data          0x0000000000000f78        0x0 /home/sysprog/glibc/build/libc_pic.a(strlen-avx2.os)
 .data          0x0000000000000f78        0x0 /home/sysprog/glibc/build/libc_pic.a(strnlen-avx2.os)
 .data          0x0000000000000f78        0x0 /home/sysprog/glibc/build/libc_pic.a(stpcpy-sse2.os)
 .data          0x0000000000000f78        0x0 /home/sysprog/glibc/build/libc_pic.a(stpcpy-ssse3.os)
 .data          0x0000000000000f78        0x0 /home/sysprog/glibc/build/libc_pic.a(stpcpy-sse2-unaligned.os)
 .data          0x0000000000000f78        0x0 /home/sysprog/glibc/build/libc_pic.a(strchr-sse2-no-bsf.os)
 .data          0x0000000000000f78        0x0 /home/sysprog/glibc/build/libc_pic.a(memcmp-ssse3.os)
 .data          0x0000000000000f78        0x0 /home/sysprog/glibc/build/libc_pic.a(strcspn-sse2.os)
 .data          0x0000000000000f78        0x0 /home/sysprog/glibc/build/libc_pic.a(strcspn-c.os)
 .data          0x0000000000000f78        0x0 /home/sysprog/glibc/build/libc_pic.a(varshift.os)
 .data          0x0000000000000f78        0x0 /home/sysprog/glibc/build/libc_pic.a(memset-avx512-no-vzeroupper.os)
 .data          0x0000000000000f78        0x0 /home/sysprog/glibc/build/libc_pic.a(memmove-sse2-unaligned-erms.os)
 .data          0x0000000000000f78        0x0 /home/sysprog/glibc/build/libc_pic.a(memmove-avx-unaligned-erms.os)
 .data          0x0000000000000f78        0x0 /home/sysprog/glibc/build/libc_pic.a(memmove-avx512-unaligned-erms.os)
 .data          0x0000000000000f78        0x0 /home/sysprog/glibc/build/libc_pic.a(memset-sse2-unaligned-erms.os)
 .data          0x0000000000000f78        0x0 /home/sysprog/glibc/build/libc_pic.a(memset-avx2-unaligned-erms.os)
 .data          0x0000000000000f78        0x0 /home/sysprog/glibc/build/libc_pic.a(memset-avx512-unaligned-erms.os)
 .data          0x0000000000000f78       0x40 /home/sysprog/glibc/build/libc_pic.a(cacheinfo.os)
                0x0000000000000f78                __x86_raw_shared_cache_size
                0x0000000000000f80                __x86_raw_shared_cache_size_half
                0x0000000000000f88                __x86_shared_cache_size
                0x0000000000000f90                __x86_shared_cache_size_half
                0x0000000000000f98                __x86_raw_data_cache_size
                0x0000000000000fa0                __x86_raw_data_cache_size_half
                0x0000000000000fa8                __x86_data_cache_size
                0x0000000000000fb0                __x86_data_cache_size_half
 .data          0x0000000000000fb8        0x0 /home/sysprog/glibc/build/libc_pic.a(closedir.os)
 .data          0x0000000000000fb8        0x0 /home/sysprog/glibc/build/libc_pic.a(readdir.os)
 .data          0x0000000000000fb8        0x0 /home/sysprog/glibc/build/libc_pic.a(rewinddir.os)
 .data          0x0000000000000fb8        0x0 /home/sysprog/glibc/build/libc_pic.a(getdents.os)
 .data          0x0000000000000fb8        0x0 /home/sysprog/glibc/build/libc_pic.a(fdopendir.os)
 .data          0x0000000000000fb8        0x0 /home/sysprog/glibc/build/libc_pic.a(uname.os)
 .data          0x0000000000000fb8        0x0 /home/sysprog/glibc/build/libc_pic.a(_exit.os)
 .data          0x0000000000000fb8        0x0 /home/sysprog/glibc/build/libc_pic.a(getpid.os)
 .data          0x0000000000000fb8        0x0 /home/sysprog/glibc/build/libc_pic.a(environ.os)
 .data          0x0000000000000fb8        0x0 /home/sysprog/glibc/build/libc_pic.a(xstat.os)
 .data          0x0000000000000fb8        0x0 /home/sysprog/glibc/build/libc_pic.a(fxstat.os)
 .data          0x0000000000000fb8        0x0 /home/sysprog/glibc/build/libc_pic.a(lxstat.os)
 .data          0x0000000000000fb8        0x0 /home/sysprog/glibc/build/libc_pic.a(open64.os)
 .data          0x0000000000000fb8        0x0 /home/sysprog/glibc/build/libc_pic.a(read.os)
 .data          0x0000000000000fb8        0x0 /home/sysprog/glibc/build/libc_pic.a(write.os)
 .data          0x0000000000000fb8        0x0 /home/sysprog/glibc/build/libc_pic.a(lseek64.os)
 .data          0x0000000000000fb8        0x0 /home/sysprog/glibc/build/libc_pic.a(access.os)
 .data          0x0000000000000fb8        0x0 /home/sysprog/glibc/build/libc_pic.a(fcntl.os)
 .data          0x0000000000000fb8        0x0 /home/sysprog/glibc/build/libc_pic.a(close.os)
 .data          0x0000000000000fb8        0x0 /home/sysprog/glibc/build/libc_pic.a(mmap64.os)
 .data          0x0000000000000fb8        0x0 /home/sysprog/glibc/build/libc_pic.a(munmap.os)
 .data          0x0000000000000fb8        0x0 /home/sysprog/glibc/build/libc_pic.a(mprotect.os)
 .data          0x0000000000000fb8        0x0 /home/sysprog/glibc/build/libc_pic.a(profil.os)
 .data          0x0000000000000fb8        0x0 /home/sysprog/glibc/build/libc_pic.a(prof-freq.os)
 .data          0x0000000000000fb8        0x0 /home/sysprog/glibc/build/libc_pic.a(libc-lowlevellock.os)
 .data          0x0000000000000fb8        0x0 /home/sysprog/glibc/build/libc_pic.a(libc-cancellation.os)
 .data          0x0000000000000fb8        0x0 /home/sysprog/glibc/build/libc_pic.a(libc_multiple_threads.os)
 .data          0x0000000000000fb8        0x0 /home/sysprog/glibc/build/libc_pic.a(dl-addr-obj.os)
 .data          0x0000000000000fb8        0x0 /home/sysprog/glibc/build/libc_pic.a(sigaction.os)
 .data          0x0000000000000fb8        0x0 /home/sysprog/glibc/build/libc_pic.a(setitimer.os)
 .data          0x0000000000000fb8        0x0 /home/sysprog/glibc/build/libc_pic.a(forward.os)
 .data          0x0000000000000fb8        0x0 /home/sysprog/glibc/build/libc_pic.a(exit.os)
 .data          0x0000000000000fb8        0x0 /home/sysprog/glibc/build/libc_pic.a(cxa_atexit.os)
 .data          0x0000000000000fb8        0x0 /home/sysprog/glibc/build/libc_pic.a(cxa_thread_atexit_impl.os)

.data.rel.ro    0x0000000000000000      0x674
 .data.rel.ro   0x0000000000000000      0x674 /home/sysprog/glibc/build/elf/dl-allobjs.os
                0x00000000000000b0                __pointer_chk_guard_local
                0x00000000000000b8                _dl_skip_args
                0x00000000000000c0                __GI__dl_argv
                0x00000000000000c0                _dl_argv
                0x00000000000000c8                _dl_argc
                0x00000000000000e0                _rtld_global_ro
                0x00000000000000e0                _rtld_local_ro
                0x00000000000002d0                __stack_prot
                0x0000000000000660                _dl_random
                0x0000000000000668                __libc_stack_end
                0x0000000000000668                __GI___libc_stack_end
                0x0000000000000670                __GI___libc_enable_secure
                0x0000000000000670                __libc_enable_secure

.init_array     0x0000000000000000        0x8
 .init_array    0x0000000000000000        0x8 /home/sysprog/glibc/build/libc_pic.a(cacheinfo.os)

.data.rel.local
                0x0000000000000000        0x8
 .data.rel.local
                0x0000000000000000        0x8 /home/sysprog/glibc/build/libc_pic.a(cxa_atexit.os)
                0x0000000000000000                __exit_funcs

.data1
 *(.data1)

.bss            0x0000000000000000      0x614
 *(.dynbss)
 *(.bss)
 .bss           0x0000000000000000      0x118 /home/sysprog/glibc/build/elf/dl-allobjs.os
                0x00000000000000e0                __libc_multiple_libcs
                0x0000000000000110                __curbrk
 .bss           0x0000000000000118        0x0 /home/sysprog/glibc/build/libc_pic.a(check_fds.os)
 .bss           0x0000000000000118        0x0 /home/sysprog/glibc/build/libc_pic.a(errno.os)
 .bss           0x0000000000000118        0x0 /home/sysprog/glibc/build/libc_pic.a(setjmp.os)
 .bss           0x0000000000000118        0x0 /home/sysprog/glibc/build/libc_pic.a(__longjmp.os)
 .bss           0x0000000000000118        0x0 /home/sysprog/glibc/build/libc_pic.a(strchr.os)
 .bss           0x0000000000000118        0x0 /home/sysprog/glibc/build/libc_pic.a(strcmp.os)
 .bss           0x0000000000000118        0x0 /home/sysprog/glibc/build/libc_pic.a(strcspn.os)
 .bss           0x0000000000000118        0x0 /home/sysprog/glibc/build/libc_pic.a(strdup.os)
 .bss           0x0000000000000118        0x0 /home/sysprog/glibc/build/libc_pic.a(strlen.os)
 .bss           0x0000000000000118        0x0 /home/sysprog/glibc/build/libc_pic.a(strnlen.os)
 .bss           0x0000000000000118        0x0 /home/sysprog/glibc/build/libc_pic.a(memchr.os)
 .bss           0x0000000000000118        0x0 /home/sysprog/glibc/build/libc_pic.a(memcmp.os)
 .bss           0x0000000000000118        0x0 /home/sysprog/glibc/build/libc_pic.a(memmove.os)
 .bss           0x0000000000000118        0x0 /home/sysprog/glibc/build/libc_pic.a(memset.os)
 .bss           0x0000000000000118        0x0 /home/sysprog/glibc/build/libc_pic.a(mempcpy.os)
 .bss           0x0000000000000118        0x0 /home/sysprog/glibc/build/libc_pic.a(stpcpy.os)
 .bss           0x0000000000000118        0x0 /home/sysprog/glibc/build/libc_pic.a(memcpy.os)
 .bss           0x0000000000000118        0x0 /home/sysprog/glibc/build/libc_pic.a(rawmemchr.os)
 .bss           0x0000000000000118        0x0 /home/sysprog/glibc/build/libc_pic.a(strcmp-sse2.os)
 .bss           0x0000000000000118        0x0 /home/sysprog/glibc/build/libc_pic.a(strcmp-sse2-unaligned.os)
 .bss           0x0000000000000118        0x0 /home/sysprog/glibc/build/libc_pic.a(strcmp-ssse3.os)
 .bss           0x0000000000000118        0x0 /home/sysprog/glibc/build/libc_pic.a(memchr-sse2.os)
 .bss           0x0000000000000118        0x0 /home/sysprog/glibc/build/libc_pic.a(rawmemchr-sse2.os)
 .bss           0x0000000000000118        0x0 /home/sysprog/glibc/build/libc_pic.a(memchr-avx2.os)
 .bss           0x0000000000000118        0x0 /home/sysprog/glibc/build/libc_pic.a(rawmemchr-avx2.os)
 .bss           0x0000000000000118        0x0 /home/sysprog/glibc/build/libc_pic.a(memcmp-sse2.os)
 .bss           0x0000000000000118        0x0 /home/sysprog/glibc/build/libc_pic.a(memcmp-avx2-movbe.os)
 .bss           0x0000000000000118        0x0 /home/sysprog/glibc/build/libc_pic.a(memcmp-sse4.os)
 .bss           0x0000000000000118        0x0 /home/sysprog/glibc/build/libc_pic.a(memcpy-ssse3.os)
 .bss           0x0000000000000118        0x0 /home/sysprog/glibc/build/libc_pic.a(memmove-ssse3.os)
 .bss           0x0000000000000118        0x0 /home/sysprog/glibc/build/libc_pic.a(memcpy-ssse3-back.os)
 .bss           0x0000000000000118        0x0 /home/sysprog/glibc/build/libc_pic.a(memmove-ssse3-back.os)
 .bss           0x0000000000000118        0x0 /home/sysprog/glibc/build/libc_pic.a(memmove-avx512-no-vzeroupper.os)
 .bss           0x0000000000000118        0x0 /home/sysprog/glibc/build/libc_pic.a(strchr-sse2.os)
 .bss           0x0000000000000118        0x0 /home/sysprog/glibc/build/libc_pic.a(strchr-avx2.os)
 .bss           0x0000000000000118        0x0 /home/sysprog/glibc/build/libc_pic.a(strlen-sse2.os)
 .bss           0x0000000000000118        0x0 /home/sysprog/glibc/build/libc_pic.a(strnlen-sse2.os)
 .bss           0x0000000000000118        0x0 /home/sysprog/glibc/build/libc_pic.a(strlen-avx2.os)
 .bss           0x0000000000000118        0x0 /home/sysprog/glibc/build/libc_pic.a(strnlen-avx2.os)
 .bss           0x0000000000000118        0x0 /home/sysprog/glibc/build/libc_pic.a(stpcpy-sse2.os)
 .bss           0x0000000000000118        0x0 /home/sysprog/glibc/build/libc_pic.a(stpcpy-ssse3.os)
 .bss           0x0000000000000118        0x0 /home/sysprog/glibc/build/libc_pic.a(stpcpy-sse2-unaligned.os)
 .bss           0x0000000000000118        0x0 /home/sysprog/glibc/build/libc_pic.a(strchr-sse2-no-bsf.os)
 .bss           0x0000000000000118        0x0 /home/sysprog/glibc/build/libc_pic.a(memcmp-ssse3.os)
 .bss           0x0000000000000118        0x0 /home/sysprog/glibc/build/libc_pic.a(strcspn-sse2.os)
 .bss           0x0000000000000118        0x0 /home/sysprog/glibc/build/libc_pic.a(strcspn-c.os)
 .bss           0x0000000000000118        0x0 /home/sysprog/glibc/build/libc_pic.a(varshift.os)
 .bss           0x0000000000000118        0x0 /home/sysprog/glibc/build/libc_pic.a(memset-avx512-no-vzeroupper.os)
 .bss           0x0000000000000118        0x0 /home/sysprog/glibc/build/libc_pic.a(memmove-sse2-unaligned-erms.os)
 .bss           0x0000000000000118        0x0 /home/sysprog/glibc/build/libc_pic.a(memmove-avx-unaligned-erms.os)
 .bss           0x0000000000000118        0x0 /home/sysprog/glibc/build/libc_pic.a(memmove-avx512-unaligned-erms.os)
 .bss           0x0000000000000118        0x0 /home/sysprog/glibc/build/libc_pic.a(memset-sse2-unaligned-erms.os)
 .bss           0x0000000000000118        0x0 /home/sysprog/glibc/build/libc_pic.a(memset-avx2-unaligned-erms.os)
 .bss           0x0000000000000118        0x0 /home/sysprog/glibc/build/libc_pic.a(memset-avx512-unaligned-erms.os)
 .bss           0x0000000000000118        0x0 /home/sysprog/glibc/build/libc_pic.a(cacheinfo.os)
 .bss           0x0000000000000118        0x0 /home/sysprog/glibc/build/libc_pic.a(closedir.os)
 .bss           0x0000000000000118        0x0 /home/sysprog/glibc/build/libc_pic.a(readdir.os)
 .bss           0x0000000000000118        0x0 /home/sysprog/glibc/build/libc_pic.a(rewinddir.os)
 .bss           0x0000000000000118        0x0 /home/sysprog/glibc/build/libc_pic.a(getdents.os)
 .bss           0x0000000000000118        0x0 /home/sysprog/glibc/build/libc_pic.a(fdopendir.os)
 .bss           0x0000000000000118        0x0 /home/sysprog/glibc/build/libc_pic.a(uname.os)
 .bss           0x0000000000000118        0x0 /home/sysprog/glibc/build/libc_pic.a(_exit.os)
 .bss           0x0000000000000118        0x0 /home/sysprog/glibc/build/libc_pic.a(getpid.os)
 .bss           0x0000000000000118        0x8 /home/sysprog/glibc/build/libc_pic.a(environ.os)
                0x0000000000000118                _environ
                0x0000000000000118                __environ
                0x0000000000000118                environ
 .bss           0x0000000000000120        0x0 /home/sysprog/glibc/build/libc_pic.a(xstat.os)
 .bss           0x0000000000000120        0x0 /home/sysprog/glibc/build/libc_pic.a(fxstat.os)
 .bss           0x0000000000000120        0x0 /home/sysprog/glibc/build/libc_pic.a(lxstat.os)
 .bss           0x0000000000000120        0x0 /home/sysprog/glibc/build/libc_pic.a(open64.os)
 .bss           0x0000000000000120        0x0 /home/sysprog/glibc/build/libc_pic.a(read.os)
 .bss           0x0000000000000120        0x0 /home/sysprog/glibc/build/libc_pic.a(write.os)
 .bss           0x0000000000000120        0x0 /home/sysprog/glibc/build/libc_pic.a(lseek64.os)
 .bss           0x0000000000000120        0x0 /home/sysprog/glibc/build/libc_pic.a(access.os)
 .bss           0x0000000000000120        0x0 /home/sysprog/glibc/build/libc_pic.a(fcntl.os)
 .bss           0x0000000000000120        0x0 /home/sysprog/glibc/build/libc_pic.a(close.os)
 .bss           0x0000000000000120        0x0 /home/sysprog/glibc/build/libc_pic.a(mmap64.os)
 .bss           0x0000000000000120        0x0 /home/sysprog/glibc/build/libc_pic.a(munmap.os)
 .bss           0x0000000000000120        0x0 /home/sysprog/glibc/build/libc_pic.a(mprotect.os)
 .bss           0x0000000000000120       0xe0 /home/sysprog/glibc/build/libc_pic.a(profil.os)
 .bss           0x0000000000000200        0x0 /home/sysprog/glibc/build/libc_pic.a(prof-freq.os)
 .bss           0x0000000000000200        0x0 /home/sysprog/glibc/build/libc_pic.a(libc-lowlevellock.os)
 .bss           0x0000000000000200        0x0 /home/sysprog/glibc/build/libc_pic.a(libc-cancellation.os)
 .bss           0x0000000000000200        0x0 /home/sysprog/glibc/build/libc_pic.a(libc_multiple_threads.os)
 .bss           0x0000000000000200        0x0 /home/sysprog/glibc/build/libc_pic.a(dl-addr-obj.os)
 .bss           0x0000000000000200        0x0 /home/sysprog/glibc/build/libc_pic.a(sigaction.os)
 .bss           0x0000000000000200        0x0 /home/sysprog/glibc/build/libc_pic.a(setitimer.os)
 .bss           0x0000000000000200        0x0 /home/sysprog/glibc/build/libc_pic.a(forward.os)
 .bss           0x0000000000000200        0x0 /home/sysprog/glibc/build/libc_pic.a(exit.os)
 .bss           0x0000000000000200      0x414 /home/sysprog/glibc/build/libc_pic.a(cxa_atexit.os)
 .bss           0x0000000000000614        0x0 /home/sysprog/glibc/build/libc_pic.a(cxa_thread_atexit_impl.os)
 *(COMMON)
 COMMON         0x0000000000000614        0x0 /home/sysprog/glibc/build/elf/dl-allobjs.os
 COMMON         0x0000000000000614        0x0 /home/sysprog/glibc/build/libc_pic.a(cacheinfo.os)
 COMMON         0x0000000000000614        0x0 /home/sysprog/glibc/build/libc_pic.a(libc_multiple_threads.os)
 COMMON         0x0000000000000614        0x0 /home/sysprog/glibc/build/libc_pic.a(forward.os)
 COMMON         0x0000000000000614        0x0 /home/sysprog/glibc/build/libc_pic.a(cxa_atexit.os)

.lbss
 *(.dynlbss)
 *(.lbss)
 *(LARGE_COMMON)

.lrodata
 *(.lrodata)

.ldata
 *(.ldata)

.stab
 *(.stab)

.stabstr
 *(.stabstr)

.stab.excl
 *(.stab.excl)

.stab.exclstr
 *(.stab.exclstr)

.stab.index
 *(.stab.index)

.stab.indexstr
 *(.stab.indexstr)

.comment        0x0000000000000000     0x10fa
 *(.comment)
 .comment       0x0000000000000000      0x774 /home/sysprog/glibc/build/elf/dl-allobjs.os
 .comment       0x0000000000000774       0x35 /home/sysprog/glibc/build/libc_pic.a(check_fds.os)
 .comment       0x00000000000007a9       0x35 /home/sysprog/glibc/build/libc_pic.a(errno.os)
 .comment       0x00000000000007de       0x35 /home/sysprog/glibc/build/libc_pic.a(strchr.os)
 .comment       0x0000000000000813       0x35 /home/sysprog/glibc/build/libc_pic.a(strcmp.os)
 .comment       0x0000000000000848       0x35 /home/sysprog/glibc/build/libc_pic.a(strcspn.os)
 .comment       0x000000000000087d       0x35 /home/sysprog/glibc/build/libc_pic.a(strdup.os)
 .comment       0x00000000000008b2       0x35 /home/sysprog/glibc/build/libc_pic.a(strlen.os)
 .comment       0x00000000000008e7       0x35 /home/sysprog/glibc/build/libc_pic.a(strnlen.os)
 .comment       0x000000000000091c       0x35 /home/sysprog/glibc/build/libc_pic.a(memchr.os)
 .comment       0x0000000000000951       0x35 /home/sysprog/glibc/build/libc_pic.a(memcmp.os)
 .comment       0x0000000000000986       0x35 /home/sysprog/glibc/build/libc_pic.a(memmove.os)
 .comment       0x00000000000009bb       0x35 /home/sysprog/glibc/build/libc_pic.a(memset.os)
 .comment       0x00000000000009f0       0x35 /home/sysprog/glibc/build/libc_pic.a(mempcpy.os)
 .comment       0x0000000000000a25       0x35 /home/sysprog/glibc/build/libc_pic.a(stpcpy.os)
 .comment       0x0000000000000a5a       0x35 /home/sysprog/glibc/build/libc_pic.a(memcpy.os)
 .comment       0x0000000000000a8f       0x35 /home/sysprog/glibc/build/libc_pic.a(rawmemchr.os)
 .comment       0x0000000000000ac4       0x35 /home/sysprog/glibc/build/libc_pic.a(strcspn-c.os)
 .comment       0x0000000000000af9       0x35 /home/sysprog/glibc/build/libc_pic.a(varshift.os)
 .comment       0x0000000000000b2e       0x35 /home/sysprog/glibc/build/libc_pic.a(cacheinfo.os)
 .comment       0x0000000000000b63       0x35 /home/sysprog/glibc/build/libc_pic.a(closedir.os)
 .comment       0x0000000000000b98       0x35 /home/sysprog/glibc/build/libc_pic.a(readdir.os)
 .comment       0x0000000000000bcd       0x35 /home/sysprog/glibc/build/libc_pic.a(rewinddir.os)
 .comment       0x0000000000000c02       0x35 /home/sysprog/glibc/build/libc_pic.a(getdents.os)
 .comment       0x0000000000000c37       0x35 /home/sysprog/glibc/build/libc_pic.a(fdopendir.os)
 .comment       0x0000000000000c6c       0x35 /home/sysprog/glibc/build/libc_pic.a(_exit.os)
 .comment       0x0000000000000ca1       0x35 /home/sysprog/glibc/build/libc_pic.a(environ.os)
 .comment       0x0000000000000cd6       0x35 /home/sysprog/glibc/build/libc_pic.a(xstat.os)
 .comment       0x0000000000000d0b       0x35 /home/sysprog/glibc/build/libc_pic.a(fxstat.os)
 .comment       0x0000000000000d40       0x35 /home/sysprog/glibc/build/libc_pic.a(lxstat.os)
 .comment       0x0000000000000d75       0x35 /home/sysprog/glibc/build/libc_pic.a(open64.os)
 .comment       0x0000000000000daa       0x35 /home/sysprog/glibc/build/libc_pic.a(read.os)
 .comment       0x0000000000000ddf       0x35 /home/sysprog/glibc/build/libc_pic.a(write.os)
 .comment       0x0000000000000e14       0x35 /home/sysprog/glibc/build/libc_pic.a(lseek64.os)
 .comment       0x0000000000000e49       0x35 /home/sysprog/glibc/build/libc_pic.a(access.os)
 .comment       0x0000000000000e7e       0x35 /home/sysprog/glibc/build/libc_pic.a(fcntl.os)
 .comment       0x0000000000000eb3       0x35 /home/sysprog/glibc/build/libc_pic.a(close.os)
 .comment       0x0000000000000ee8       0x35 /home/sysprog/glibc/build/libc_pic.a(mmap64.os)
 .comment       0x0000000000000f1d       0x35 /home/sysprog/glibc/build/libc_pic.a(profil.os)
 .comment       0x0000000000000f52       0x35 /home/sysprog/glibc/build/libc_pic.a(prof-freq.os)
 .comment       0x0000000000000f87       0x35 /home/sysprog/glibc/build/libc_pic.a(libc_multiple_threads.os)
 .comment       0x0000000000000fbc       0x35 /home/sysprog/glibc/build/libc_pic.a(dl-addr-obj.os)
 .comment       0x0000000000000ff1       0x35 /home/sysprog/glibc/build/libc_pic.a(sigaction.os)
 .comment       0x0000000000001026       0x35 /home/sysprog/glibc/build/libc_pic.a(forward.os)
 .comment       0x000000000000105b       0x35 /home/sysprog/glibc/build/libc_pic.a(exit.os)
 .comment       0x0000000000001090       0x35 /home/sysprog/glibc/build/libc_pic.a(cxa_atexit.os)
 .comment       0x00000000000010c5       0x35 /home/sysprog/glibc/build/libc_pic.a(cxa_thread_atexit_impl.os)

.note.GNU-stack
                0x0000000000000000        0x0
 .note.GNU-stack
                0x0000000000000000        0x0 /home/sysprog/glibc/build/elf/dl-allobjs.os
 .note.GNU-stack
                0x0000000000000000        0x0 /home/sysprog/glibc/build/libc_pic.a(check_fds.os)
 .note.GNU-stack
                0x0000000000000000        0x0 /home/sysprog/glibc/build/libc_pic.a(errno.os)
 .note.GNU-stack
                0x0000000000000000        0x0 /home/sysprog/glibc/build/libc_pic.a(setjmp.os)
 .note.GNU-stack
                0x0000000000000000        0x0 /home/sysprog/glibc/build/libc_pic.a(__longjmp.os)
 .note.GNU-stack
                0x0000000000000000        0x0 /home/sysprog/glibc/build/libc_pic.a(strchr.os)
 .note.GNU-stack
                0x0000000000000000        0x0 /home/sysprog/glibc/build/libc_pic.a(strcmp.os)
 .note.GNU-stack
                0x0000000000000000        0x0 /home/sysprog/glibc/build/libc_pic.a(strcspn.os)
 .note.GNU-stack
                0x0000000000000000        0x0 /home/sysprog/glibc/build/libc_pic.a(strdup.os)
 .note.GNU-stack
                0x0000000000000000        0x0 /home/sysprog/glibc/build/libc_pic.a(strlen.os)
 .note.GNU-stack
                0x0000000000000000        0x0 /home/sysprog/glibc/build/libc_pic.a(strnlen.os)
 .note.GNU-stack
                0x0000000000000000        0x0 /home/sysprog/glibc/build/libc_pic.a(memchr.os)
 .note.GNU-stack
                0x0000000000000000        0x0 /home/sysprog/glibc/build/libc_pic.a(memcmp.os)
 .note.GNU-stack
                0x0000000000000000        0x0 /home/sysprog/glibc/build/libc_pic.a(memmove.os)
 .note.GNU-stack
                0x0000000000000000        0x0 /home/sysprog/glibc/build/libc_pic.a(memset.os)
 .note.GNU-stack
                0x0000000000000000        0x0 /home/sysprog/glibc/build/libc_pic.a(mempcpy.os)
 .note.GNU-stack
                0x0000000000000000        0x0 /home/sysprog/glibc/build/libc_pic.a(stpcpy.os)
 .note.GNU-stack
                0x0000000000000000        0x0 /home/sysprog/glibc/build/libc_pic.a(memcpy.os)
 .note.GNU-stack
                0x0000000000000000        0x0 /home/sysprog/glibc/build/libc_pic.a(rawmemchr.os)
 .note.GNU-stack
                0x0000000000000000        0x0 /home/sysprog/glibc/build/libc_pic.a(strcmp-sse2.os)
 .note.GNU-stack